Archive member included to satisfy reference by file (symbol)

c:/gnu_tools_arm_embedded/6_2017_q2_update/bin/../lib/gcc/arm-none-eabi/6.3.1/../../../../arm-none-eabi/lib/thumb/v7e-m/fpv4-sp/hard\libg_nano.a(lib_a-errno.o)
                              CMakeFiles/waveshare.dir/E_/working/smartplatform/SmartPlatform/board/common/Source/retarget.c.obj (symbol from plugin) (__errno)
c:/gnu_tools_arm_embedded/6_2017_q2_update/bin/../lib/gcc/arm-none-eabi/6.3.1/../../../../arm-none-eabi/lib/thumb/v7e-m/fpv4-sp/hard\libg_nano.a(lib_a-exit.o)
                              c:/gnu_tools_arm_embedded/6_2017_q2_update/bin/../lib/gcc/arm-none-eabi/6.3.1/../../../../arm-none-eabi/lib/thumb/v7e-m/fpv4-sp/hard/crt0.o (exit)
c:/gnu_tools_arm_embedded/6_2017_q2_update/bin/../lib/gcc/arm-none-eabi/6.3.1/../../../../arm-none-eabi/lib/thumb/v7e-m/fpv4-sp/hard\libg_nano.a(lib_a-impure.o)
                              c:/gnu_tools_arm_embedded/6_2017_q2_update/bin/../lib/gcc/arm-none-eabi/6.3.1/../../../../arm-none-eabi/lib/thumb/v7e-m/fpv4-sp/hard\libg_nano.a(lib_a-exit.o) (_global_impure_ptr)
c:/gnu_tools_arm_embedded/6_2017_q2_update/bin/../lib/gcc/arm-none-eabi/6.3.1/../../../../arm-none-eabi/lib/thumb/v7e-m/fpv4-sp/hard\libg_nano.a(lib_a-init.o)
                              c:/gnu_tools_arm_embedded/6_2017_q2_update/bin/../lib/gcc/arm-none-eabi/6.3.1/../../../../arm-none-eabi/lib/thumb/v7e-m/fpv4-sp/hard/crt0.o (__libc_init_array)
c:/gnu_tools_arm_embedded/6_2017_q2_update/bin/../lib/gcc/arm-none-eabi/6.3.1/../../../../arm-none-eabi/lib/thumb/v7e-m/fpv4-sp/hard\libg_nano.a(lib_a-memset.o)
                              c:/gnu_tools_arm_embedded/6_2017_q2_update/bin/../lib/gcc/arm-none-eabi/6.3.1/../../../../arm-none-eabi/lib/thumb/v7e-m/fpv4-sp/hard/crt0.o (memset)
c:/gnu_tools_arm_embedded/6_2017_q2_update/bin/../lib/gcc/arm-none-eabi/6.3.1/../../../../arm-none-eabi/lib/thumb/v7e-m/fpv4-sp/hard\libg_nano.a(lib_a-sysread.o)
                              CMakeFiles/waveshare.dir/E_/working/smartplatform/SmartPlatform/platform/Source/network.c.obj (symbol from plugin) (read)
c:/gnu_tools_arm_embedded/6_2017_q2_update/bin/../lib/gcc/arm-none-eabi/6.3.1/../../../../arm-none-eabi/lib/thumb/v7e-m/fpv4-sp/hard\libg_nano.a(lib_a-syswrite.o)
                              CMakeFiles/waveshare.dir/E_/working/smartplatform/SmartPlatform/platform/Source/main.c.obj (symbol from plugin) (write)
c:/gnu_tools_arm_embedded/6_2017_q2_update/bin/../lib/gcc/arm-none-eabi/6.3.1/../../../../arm-none-eabi/lib/thumb/v7e-m/fpv4-sp/hard\libg_nano.a(lib_a-writer.o)
                              c:/gnu_tools_arm_embedded/6_2017_q2_update/bin/../lib/gcc/arm-none-eabi/6.3.1/../../../../arm-none-eabi/lib/thumb/v7e-m/fpv4-sp/hard\libg_nano.a(lib_a-syswrite.o) (_write_r)
c:/gnu_tools_arm_embedded/6_2017_q2_update/bin/../lib/gcc/arm-none-eabi/6.3.1/../../../../arm-none-eabi/lib/thumb/v7e-m/fpv4-sp/hard\libg_nano.a(lib_a-readr.o)
                              c:/gnu_tools_arm_embedded/6_2017_q2_update/bin/../lib/gcc/arm-none-eabi/6.3.1/../../../../arm-none-eabi/lib/thumb/v7e-m/fpv4-sp/hard\libg_nano.a(lib_a-sysread.o) (_read_r)
c:/gnu_tools_arm_embedded/6_2017_q2_update/bin/../lib/gcc/arm-none-eabi/6.3.1/../../../../arm-none-eabi/lib/thumb/v7e-m/fpv4-sp/hard\libg_nano.a(lib_a-reent.o)
                              c:/gnu_tools_arm_embedded/6_2017_q2_update/bin/../lib/gcc/arm-none-eabi/6.3.1/../../../../arm-none-eabi/lib/thumb/v7e-m/fpv4-sp/hard\libg_nano.a(lib_a-writer.o) (errno)
c:/gnu_tools_arm_embedded/6_2017_q2_update/bin/../lib/gcc/arm-none-eabi/6.3.1/../../../../arm-none-eabi/lib/thumb/v7e-m/fpv4-sp/hard\libg_nano.a(lib_a-nano-freer.o)
                              c:/gnu_tools_arm_embedded/6_2017_q2_update/bin/../lib/gcc/arm-none-eabi/6.3.1/../../../../arm-none-eabi/lib/thumb/v7e-m/fpv4-sp/hard\libg_nano.a(lib_a-reent.o) (_free_r)
c:/gnu_tools_arm_embedded/6_2017_q2_update/bin/../lib/gcc/arm-none-eabi/6.3.1/../../../../arm-none-eabi/lib/thumb/v7e-m/fpv4-sp/hard\libg_nano.a(lib_a-nano-mallocr.o)
                              c:/gnu_tools_arm_embedded/6_2017_q2_update/bin/../lib/gcc/arm-none-eabi/6.3.1/../../../../arm-none-eabi/lib/thumb/v7e-m/fpv4-sp/hard\libg_nano.a(lib_a-nano-freer.o) (__malloc_free_list)
c:/gnu_tools_arm_embedded/6_2017_q2_update/bin/../lib/gcc/arm-none-eabi/6.3.1/../../../../arm-none-eabi/lib/thumb/v7e-m/fpv4-sp/hard\libg_nano.a(lib_a-sbrkr.o)
                              c:/gnu_tools_arm_embedded/6_2017_q2_update/bin/../lib/gcc/arm-none-eabi/6.3.1/../../../../arm-none-eabi/lib/thumb/v7e-m/fpv4-sp/hard\libg_nano.a(lib_a-nano-mallocr.o) (_sbrk_r)
c:/gnu_tools_arm_embedded/6_2017_q2_update/bin/../lib/gcc/arm-none-eabi/6.3.1/../../../../arm-none-eabi/lib/thumb/v7e-m/fpv4-sp/hard\libg_nano.a(lib_a-mlock.o)
                              c:/gnu_tools_arm_embedded/6_2017_q2_update/bin/../lib/gcc/arm-none-eabi/6.3.1/../../../../arm-none-eabi/lib/thumb/v7e-m/fpv4-sp/hard\libg_nano.a(lib_a-nano-freer.o) (__malloc_lock)
[...]
Memory Configuration

Name             Origin             Length             Attributes
ROM              0x08000000         0x00100000         xr
RAM              0x20000000         0x00020000         rw
*default*        0x00000000         0xffffffff

Linker script and memory map

LOAD c:/gnu_tools_arm_embedded/6_2017_q2_update/bin/../lib/gcc/arm-none-eabi/6.3.1/thumb/v7e-m/fpv4-sp/hard/crti.o
LOAD c:/gnu_tools_arm_embedded/6_2017_q2_update/bin/../lib/gcc/arm-none-eabi/6.3.1/thumb/v7e-m/fpv4-sp/hard/crtbegin.o
LOAD c:/gnu_tools_arm_embedded/6_2017_q2_update/bin/../lib/gcc/arm-none-eabi/6.3.1/../../../../arm-none-eabi/lib/thumb/v7e-m/fpv4-sp/hard/crt0.o
LOAD CMakeFiles/waveshare.dir/E_/working/smartplatform/SmartPlatform/arch/STM32F4xx_HAL_Driver/Src/stm32f4xx_hal.c.obj
LOAD R:\Temp\ccmYPC50.ltrans0.ltrans.o
LOAD R:\Temp\ccmYPC50.ltrans1.ltrans.o
LOAD R:\Temp\ccmYPC50.ltrans2.ltrans.o
LOAD R:\Temp\ccmYPC50.ltrans3.ltrans.o
LOAD R:\Temp\ccmYPC50.ltrans4.ltrans.o
LOAD R:\Temp\ccmYPC50.ltrans5.ltrans.o
LOAD CMakeFiles/waveshare.dir/E_/working/smartplatform/SmartPlatform/arch/STM32F4xx_HAL_Driver/Src/stm32f4xx_hal_adc.c.obj
LOAD CMakeFiles/waveshare.dir/E_/working/smartplatform/SmartPlatform/arch/STM32F4xx_HAL_Driver/Src/stm32f4xx_hal_adc_ex.c.obj
LOAD CMakeFiles/waveshare.dir/E_/working/smartplatform/SmartPlatform/arch/STM32F4xx_HAL_Driver/Src/stm32f4xx_hal_can.c.obj
LOAD CMakeFiles/waveshare.dir/E_/working/smartplatform/SmartPlatform/arch/STM32F4xx_HAL_Driver/Src/stm32f4xx_hal_cec.c.obj
LOAD CMakeFiles/waveshare.dir/E_/working/smartplatform/SmartPlatform/arch/STM32F4xx_HAL_Driver/Src/stm32f4xx_hal_cortex.c.obj
LOAD CMakeFiles/waveshare.dir/E_/working/smartplatform/SmartPlatform/arch/STM32F4xx_HAL_Driver/Src/stm32f4xx_hal_crc.c.obj
LOAD CMakeFiles/waveshare.dir/E_/working/smartplatform/SmartPlatform/arch/STM32F4xx_HAL_Driver/Src/stm32f4xx_hal_cryp.c.obj
LOAD CMakeFiles/waveshare.dir/E_/working/smartplatform/SmartPlatform/arch/STM32F4xx_HAL_Driver/Src/stm32f4xx_hal_cryp_ex.c.obj
LOAD CMakeFiles/waveshare.dir/E_/working/smartplatform/SmartPlatform/arch/STM32F4xx_HAL_Driver/Src/stm32f4xx_hal_dac.c.obj
LOAD CMakeFiles/waveshare.dir/E_/working/smartplatform/SmartPlatform/arch/STM32F4xx_HAL_Driver/Src/stm32f4xx_hal_dac_ex.c.obj
LOAD CMakeFiles/waveshare.dir/E_/working/smartplatform/SmartPlatform/arch/STM32F4xx_HAL_Driver/Src/stm32f4xx_hal_dcmi.c.obj
LOAD CMakeFiles/waveshare.dir/E_/working/smartplatform/SmartPlatform/arch/STM32F4xx_HAL_Driver/Src/stm32f4xx_hal_dcmi_ex.c.obj
LOAD CMakeFiles/waveshare.dir/E_/working/smartplatform/SmartPlatform/arch/STM32F4xx_HAL_Driver/Src/stm32f4xx_hal_dfsdm.c.obj
LOAD CMakeFiles/waveshare.dir/E_/working/smartplatform/SmartPlatform/arch/STM32F4xx_HAL_Driver/Src/stm32f4xx_hal_dma.c.obj
LOAD CMakeFiles/waveshare.dir/E_/working/smartplatform/SmartPlatform/arch/STM32F4xx_HAL_Driver/Src/stm32f4xx_hal_dma2d.c.obj
LOAD CMakeFiles/waveshare.dir/E_/working/smartplatform/SmartPlatform/arch/STM32F4xx_HAL_Driver/Src/stm32f4xx_hal_dma_ex.c.obj
LOAD CMakeFiles/waveshare.dir/E_/working/smartplatform/SmartPlatform/arch/STM32F4xx_HAL_Driver/Src/stm32f4xx_hal_dsi.c.obj
LOAD CMakeFiles/waveshare.dir/E_/working/smartplatform/SmartPlatform/arch/STM32F4xx_HAL_Driver/Src/stm32f4xx_hal_eth.c.obj
LOAD CMakeFiles/waveshare.dir/E_/working/smartplatform/SmartPlatform/arch/STM32F4xx_HAL_Driver/Src/stm32f4xx_hal_flash.c.obj
LOAD CMakeFiles/waveshare.dir/E_/working/smartplatform/SmartPlatform/arch/STM32F4xx_HAL_Driver/Src/stm32f4xx_hal_flash_ex.c.obj
LOAD CMakeFiles/waveshare.dir/E_/working/smartplatform/SmartPlatform/arch/STM32F4xx_HAL_Driver/Src/stm32f4xx_hal_flash_ramfunc.c.obj
LOAD CMakeFiles/waveshare.dir/E_/working/smartplatform/SmartPlatform/arch/STM32F4xx_HAL_Driver/Src/stm32f4xx_hal_fmpi2c.c.obj
LOAD CMakeFiles/waveshare.dir/E_/working/smartplatform/SmartPlatform/arch/STM32F4xx_HAL_Driver/Src/stm32f4xx_hal_fmpi2c_ex.c.obj
LOAD CMakeFiles/waveshare.dir/E_/working/smartplatform/SmartPlatform/arch/STM32F4xx_HAL_Driver/Src/stm32f4xx_hal_gpio.c.obj
LOAD CMakeFiles/waveshare.dir/E_/working/smartplatform/SmartPlatform/arch/STM32F4xx_HAL_Driver/Src/stm32f4xx_hal_hash.c.obj
LOAD CMakeFiles/waveshare.dir/E_/working/smartplatform/SmartPlatform/arch/STM32F4xx_HAL_Driver/Src/stm32f4xx_hal_hash_ex.c.obj
LOAD CMakeFiles/waveshare.dir/E_/working/smartplatform/SmartPlatform/arch/STM32F4xx_HAL_Driver/Src/stm32f4xx_hal_hcd.c.obj
LOAD CMakeFiles/waveshare.dir/E_/working/smartplatform/SmartPlatform/arch/STM32F4xx_HAL_Driver/Src/stm32f4xx_hal_i2c.c.obj
LOAD CMakeFiles/waveshare.dir/E_/working/smartplatform/SmartPlatform/arch/STM32F4xx_HAL_Driver/Src/stm32f4xx_hal_i2c_ex.c.obj
LOAD CMakeFiles/waveshare.dir/E_/working/smartplatform/SmartPlatform/arch/STM32F4xx_HAL_Driver/Src/stm32f4xx_hal_i2s.c.obj
LOAD CMakeFiles/waveshare.dir/E_/working/smartplatform/SmartPlatform/arch/STM32F4xx_HAL_Driver/Src/stm32f4xx_hal_i2s_ex.c.obj
LOAD CMakeFiles/waveshare.dir/E_/working/smartplatform/SmartPlatform/arch/STM32F4xx_HAL_Driver/Src/stm32f4xx_hal_irda.c.obj
LOAD CMakeFiles/waveshare.dir/E_/working/smartplatform/SmartPlatform/arch/STM32F4xx_HAL_Driver/Src/stm32f4xx_hal_iwdg.c.obj
LOAD CMakeFiles/waveshare.dir/E_/working/smartplatform/SmartPlatform/arch/STM32F4xx_HAL_Driver/Src/stm32f4xx_hal_lptim.c.obj
LOAD CMakeFiles/waveshare.dir/E_/working/smartplatform/SmartPlatform/arch/STM32F4xx_HAL_Driver/Src/stm32f4xx_hal_ltdc.c.obj
LOAD CMakeFiles/waveshare.dir/E_/working/smartplatform/SmartPlatform/arch/STM32F4xx_HAL_Driver/Src/stm32f4xx_hal_ltdc_ex.c.obj
LOAD CMakeFiles/waveshare.dir/E_/working/smartplatform/SmartPlatform/arch/STM32F4xx_HAL_Driver/Src/stm32f4xx_hal_mmc.c.obj
LOAD CMakeFiles/waveshare.dir/E_/working/smartplatform/SmartPlatform/arch/STM32F4xx_HAL_Driver/Src/stm32f4xx_hal_nand.c.obj
LOAD CMakeFiles/waveshare.dir/E_/working/smartplatform/SmartPlatform/arch/STM32F4xx_HAL_Driver/Src/stm32f4xx_hal_nor.c.obj
LOAD CMakeFiles/waveshare.dir/E_/working/smartplatform/SmartPlatform/arch/STM32F4xx_HAL_Driver/Src/stm32f4xx_hal_pccard.c.obj
LOAD CMakeFiles/waveshare.dir/E_/working/smartplatform/SmartPlatform/arch/STM32F4xx_HAL_Driver/Src/stm32f4xx_hal_pcd.c.obj
LOAD CMakeFiles/waveshare.dir/E_/working/smartplatform/SmartPlatform/arch/STM32F4xx_HAL_Driver/Src/stm32f4xx_hal_pcd_ex.c.obj
LOAD CMakeFiles/waveshare.dir/E_/working/smartplatform/SmartPlatform/arch/STM32F4xx_HAL_Driver/Src/stm32f4xx_hal_pwr.c.obj
LOAD CMakeFiles/waveshare.dir/E_/working/smartplatform/SmartPlatform/arch/STM32F4xx_HAL_Driver/Src/stm32f4xx_hal_pwr_ex.c.obj
LOAD CMakeFiles/waveshare.dir/E_/working/smartplatform/SmartPlatform/arch/STM32F4xx_HAL_Driver/Src/stm32f4xx_hal_qspi.c.obj
LOAD CMakeFiles/waveshare.dir/E_/working/smartplatform/SmartPlatform/arch/STM32F4xx_HAL_Driver/Src/stm32f4xx_hal_rcc.c.obj
LOAD CMakeFiles/waveshare.dir/E_/working/smartplatform/SmartPlatform/arch/STM32F4xx_HAL_Driver/Src/stm32f4xx_hal_rcc_ex.c.obj
LOAD CMakeFiles/waveshare.dir/E_/working/smartplatform/SmartPlatform/arch/STM32F4xx_HAL_Driver/Src/stm32f4xx_hal_rng.c.obj
LOAD CMakeFiles/waveshare.dir/E_/working/smartplatform/SmartPlatform/arch/STM32F4xx_HAL_Driver/Src/stm32f4xx_hal_rtc.c.obj
LOAD CMakeFiles/waveshare.dir/E_/working/smartplatform/SmartPlatform/arch/STM32F4xx_HAL_Driver/Src/stm32f4xx_hal_rtc_ex.c.obj
LOAD CMakeFiles/waveshare.dir/E_/working/smartplatform/SmartPlatform/arch/STM32F4xx_HAL_Driver/Src/stm32f4xx_hal_sai.c.obj
LOAD CMakeFiles/waveshare.dir/E_/working/smartplatform/SmartPlatform/arch/STM32F4xx_HAL_Driver/Src/stm32f4xx_hal_sai_ex.c.obj
LOAD CMakeFiles/waveshare.dir/E_/working/smartplatform/SmartPlatform/arch/STM32F4xx_HAL_Driver/Src/stm32f4xx_hal_sd.c.obj
LOAD CMakeFiles/waveshare.dir/E_/working/smartplatform/SmartPlatform/arch/STM32F4xx_HAL_Driver/Src/stm32f4xx_hal_sdram.c.obj
LOAD CMakeFiles/waveshare.dir/E_/working/smartplatform/SmartPlatform/arch/STM32F4xx_HAL_Driver/Src/stm32f4xx_hal_smartcard.c.obj
LOAD CMakeFiles/waveshare.dir/E_/working/smartplatform/SmartPlatform/arch/STM32F4xx_HAL_Driver/Src/stm32f4xx_hal_spdifrx.c.obj
LOAD CMakeFiles/waveshare.dir/E_/working/smartplatform/SmartPlatform/arch/STM32F4xx_HAL_Driver/Src/stm32f4xx_hal_spi.c.obj
LOAD CMakeFiles/waveshare.dir/E_/working/smartplatform/SmartPlatform/arch/STM32F4xx_HAL_Driver/Src/stm32f4xx_hal_sram.c.obj
LOAD CMakeFiles/waveshare.dir/E_/working/smartplatform/SmartPlatform/arch/STM32F4xx_HAL_Driver/Src/stm32f4xx_hal_tim.c.obj
LOAD CMakeFiles/waveshare.dir/E_/working/smartplatform/SmartPlatform/arch/STM32F4xx_HAL_Driver/Src/stm32f4xx_hal_tim_ex.c.obj
LOAD CMakeFiles/waveshare.dir/E_/working/smartplatform/SmartPlatform/arch/STM32F4xx_HAL_Driver/Src/stm32f4xx_hal_uart.c.obj
LOAD CMakeFiles/waveshare.dir/E_/working/smartplatform/SmartPlatform/arch/STM32F4xx_HAL_Driver/Src/stm32f4xx_hal_usart.c.obj
LOAD CMakeFiles/waveshare.dir/E_/working/smartplatform/SmartPlatform/arch/STM32F4xx_HAL_Driver/Src/stm32f4xx_hal_wwdg.c.obj
LOAD CMakeFiles/waveshare.dir/E_/working/smartplatform/SmartPlatform/arch/STM32F4xx_HAL_Driver/Src/stm32f4xx_ll_adc.c.obj
LOAD CMakeFiles/waveshare.dir/E_/working/smartplatform/SmartPlatform/arch/STM32F4xx_HAL_Driver/Src/stm32f4xx_ll_crc.c.obj
LOAD CMakeFiles/waveshare.dir/E_/working/smartplatform/SmartPlatform/arch/STM32F4xx_HAL_Driver/Src/stm32f4xx_ll_dac.c.obj
LOAD CMakeFiles/waveshare.dir/E_/working/smartplatform/SmartPlatform/arch/STM32F4xx_HAL_Driver/Src/stm32f4xx_ll_dma.c.obj
LOAD CMakeFiles/waveshare.dir/E_/working/smartplatform/SmartPlatform/arch/STM32F4xx_HAL_Driver/Src/stm32f4xx_ll_dma2d.c.obj
LOAD CMakeFiles/waveshare.dir/E_/working/smartplatform/SmartPlatform/arch/STM32F4xx_HAL_Driver/Src/stm32f4xx_ll_exti.c.obj
LOAD CMakeFiles/waveshare.dir/E_/working/smartplatform/SmartPlatform/arch/STM32F4xx_HAL_Driver/Src/stm32f4xx_ll_fmc.c.obj
LOAD CMakeFiles/waveshare.dir/E_/working/smartplatform/SmartPlatform/arch/STM32F4xx_HAL_Driver/Src/stm32f4xx_ll_fsmc.c.obj
LOAD CMakeFiles/waveshare.dir/E_/working/smartplatform/SmartPlatform/arch/STM32F4xx_HAL_Driver/Src/stm32f4xx_ll_gpio.c.obj
LOAD CMakeFiles/waveshare.dir/E_/working/smartplatform/SmartPlatform/arch/STM32F4xx_HAL_Driver/Src/stm32f4xx_ll_i2c.c.obj
LOAD CMakeFiles/waveshare.dir/E_/working/smartplatform/SmartPlatform/arch/STM32F4xx_HAL_Driver/Src/stm32f4xx_ll_lptim.c.obj
LOAD CMakeFiles/waveshare.dir/E_/working/smartplatform/SmartPlatform/arch/STM32F4xx_HAL_Driver/Src/stm32f4xx_ll_pwr.c.obj
LOAD CMakeFiles/waveshare.dir/E_/working/smartplatform/SmartPlatform/arch/STM32F4xx_HAL_Driver/Src/stm32f4xx_ll_rcc.c.obj
LOAD CMakeFiles/waveshare.dir/E_/working/smartplatform/SmartPlatform/arch/STM32F4xx_HAL_Driver/Src/stm32f4xx_ll_rng.c.obj
LOAD CMakeFiles/waveshare.dir/E_/working/smartplatform/SmartPlatform/arch/STM32F4xx_HAL_Driver/Src/stm32f4xx_ll_rtc.c.obj
LOAD CMakeFiles/waveshare.dir/E_/working/smartplatform/SmartPlatform/arch/STM32F4xx_HAL_Driver/Src/stm32f4xx_ll_sdmmc.c.obj
LOAD CMakeFiles/waveshare.dir/E_/working/smartplatform/SmartPlatform/arch/STM32F4xx_HAL_Driver/Src/stm32f4xx_ll_spi.c.obj
LOAD CMakeFiles/waveshare.dir/E_/working/smartplatform/SmartPlatform/arch/STM32F4xx_HAL_Driver/Src/stm32f4xx_ll_tim.c.obj
LOAD CMakeFiles/waveshare.dir/E_/working/smartplatform/SmartPlatform/arch/STM32F4xx_HAL_Driver/Src/stm32f4xx_ll_usart.c.obj
LOAD CMakeFiles/waveshare.dir/E_/working/smartplatform/SmartPlatform/arch/STM32F4xx_HAL_Driver/Src/stm32f4xx_ll_usb.c.obj
LOAD CMakeFiles/waveshare.dir/E_/working/smartplatform/SmartPlatform/arch/STM32F4xx_HAL_Driver/Src/stm32f4xx_ll_utils.c.obj
LOAD CMakeFiles/waveshare.dir/E_/working/smartplatform/SmartPlatform/arch/CMSIS/Device/STM32F4xx/Source/system_stm32f4xx.c.obj
LOAD CMakeFiles/waveshare.dir/E_/working/smartplatform/SmartPlatform/board/waveshare/Source/aithinker_a7.c.obj
LOAD CMakeFiles/waveshare.dir/E_/working/smartplatform/SmartPlatform/board/waveshare/Source/stm32f4xx_hal_msp.c.obj
LOAD CMakeFiles/waveshare.dir/E_/working/smartplatform/SmartPlatform/board/waveshare/Source/system.c.obj
LOAD CMakeFiles/waveshare.dir/E_/working/smartplatform/SmartPlatform/board/waveshare/Source/trace.c.obj
LOAD CMakeFiles/waveshare.dir/E_/working/smartplatform/SmartPlatform/board/waveshare/Source/w5300.c.obj
LOAD CMakeFiles/waveshare.dir/E_/working/smartplatform/SmartPlatform/arch/CMSIS/DSP_Lib/BasicMathFunctions/arm_abs_f32.c.obj
LOAD CMakeFiles/waveshare.dir/E_/working/smartplatform/SmartPlatform/arch/CMSIS/DSP_Lib/BasicMathFunctions/arm_abs_q15.c.obj
LOAD CMakeFiles/waveshare.dir/E_/working/smartplatform/SmartPlatform/arch/CMSIS/DSP_Lib/BasicMathFunctions/arm_abs_q31.c.obj
LOAD CMakeFiles/waveshare.dir/E_/working/smartplatform/SmartPlatform/arch/CMSIS/DSP_Lib/BasicMathFunctions/arm_abs_q7.c.obj
LOAD CMakeFiles/waveshare.dir/E_/working/smartplatform/SmartPlatform/arch/CMSIS/DSP_Lib/BasicMathFunctions/arm_add_f32.c.obj
LOAD CMakeFiles/waveshare.dir/E_/working/smartplatform/SmartPlatform/arch/CMSIS/DSP_Lib/BasicMathFunctions/arm_add_q15.c.obj
LOAD CMakeFiles/waveshare.dir/E_/working/smartplatform/SmartPlatform/arch/CMSIS/DSP_Lib/BasicMathFunctions/arm_add_q31.c.obj
LOAD CMakeFiles/waveshare.dir/E_/working/smartplatform/SmartPlatform/arch/CMSIS/DSP_Lib/BasicMathFunctions/arm_add_q7.c.obj
LOAD CMakeFiles/waveshare.dir/E_/working/smartplatform/SmartPlatform/arch/CMSIS/DSP_Lib/BasicMathFunctions/arm_dot_prod_f32.c.obj
LOAD CMakeFiles/waveshare.dir/E_/working/smartplatform/SmartPlatform/arch/CMSIS/DSP_Lib/BasicMathFunctions/arm_dot_prod_q15.c.obj
LOAD CMakeFiles/waveshare.dir/E_/working/smartplatform/SmartPlatform/arch/CMSIS/DSP_Lib/BasicMathFunctions/arm_dot_prod_q31.c.obj
LOAD CMakeFiles/waveshare.dir/E_/working/smartplatform/SmartPlatform/arch/CMSIS/DSP_Lib/BasicMathFunctions/arm_dot_prod_q7.c.obj
LOAD CMakeFiles/waveshare.dir/E_/working/smartplatform/SmartPlatform/arch/CMSIS/DSP_Lib/BasicMathFunctions/arm_mult_f32.c.obj
LOAD CMakeFiles/waveshare.dir/E_/working/smartplatform/SmartPlatform/arch/CMSIS/DSP_Lib/BasicMathFunctions/arm_mult_q15.c.obj
LOAD CMakeFiles/waveshare.dir/E_/working/smartplatform/SmartPlatform/arch/CMSIS/DSP_Lib/BasicMathFunctions/arm_mult_q31.c.obj
LOAD CMakeFiles/waveshare.dir/E_/working/smartplatform/SmartPlatform/arch/CMSIS/DSP_Lib/BasicMathFunctions/arm_mult_q7.c.obj
LOAD CMakeFiles/waveshare.dir/E_/working/smartplatform/SmartPlatform/arch/CMSIS/DSP_Lib/BasicMathFunctions/arm_negate_f32.c.obj
LOAD CMakeFiles/waveshare.dir/E_/working/smartplatform/SmartPlatform/arch/CMSIS/DSP_Lib/BasicMathFunctions/arm_negate_q15.c.obj
LOAD CMakeFiles/waveshare.dir/E_/working/smartplatform/SmartPlatform/arch/CMSIS/DSP_Lib/BasicMathFunctions/arm_negate_q31.c.obj
LOAD CMakeFiles/waveshare.dir/E_/working/smartplatform/SmartPlatform/arch/CMSIS/DSP_Lib/BasicMathFunctions/arm_negate_q7.c.obj
LOAD CMakeFiles/waveshare.dir/E_/working/smartplatform/SmartPlatform/arch/CMSIS/DSP_Lib/BasicMathFunctions/arm_offset_f32.c.obj
LOAD CMakeFiles/waveshare.dir/E_/working/smartplatform/SmartPlatform/arch/CMSIS/DSP_Lib/BasicMathFunctions/arm_offset_q15.c.obj
LOAD CMakeFiles/waveshare.dir/E_/working/smartplatform/SmartPlatform/arch/CMSIS/DSP_Lib/BasicMathFunctions/arm_offset_q31.c.obj
LOAD CMakeFiles/waveshare.dir/E_/working/smartplatform/SmartPlatform/arch/CMSIS/DSP_Lib/BasicMathFunctions/arm_offset_q7.c.obj
LOAD CMakeFiles/waveshare.dir/E_/working/smartplatform/SmartPlatform/arch/CMSIS/DSP_Lib/BasicMathFunctions/arm_scale_f32.c.obj
LOAD CMakeFiles/waveshare.dir/E_/working/smartplatform/SmartPlatform/arch/CMSIS/DSP_Lib/BasicMathFunctions/arm_scale_q15.c.obj
LOAD CMakeFiles/waveshare.dir/E_/working/smartplatform/SmartPlatform/arch/CMSIS/DSP_Lib/BasicMathFunctions/arm_scale_q31.c.obj
LOAD CMakeFiles/waveshare.dir/E_/working/smartplatform/SmartPlatform/arch/CMSIS/DSP_Lib/BasicMathFunctions/arm_scale_q7.c.obj
LOAD CMakeFiles/waveshare.dir/E_/working/smartplatform/SmartPlatform/arch/CMSIS/DSP_Lib/BasicMathFunctions/arm_shift_q15.c.obj
LOAD CMakeFiles/waveshare.dir/E_/working/smartplatform/SmartPlatform/arch/CMSIS/DSP_Lib/BasicMathFunctions/arm_shift_q31.c.obj
LOAD CMakeFiles/waveshare.dir/E_/working/smartplatform/SmartPlatform/arch/CMSIS/DSP_Lib/BasicMathFunctions/arm_shift_q7.c.obj
LOAD CMakeFiles/waveshare.dir/E_/working/smartplatform/SmartPlatform/arch/CMSIS/DSP_Lib/BasicMathFunctions/arm_sub_f32.c.obj
LOAD CMakeFiles/waveshare.dir/E_/working/smartplatform/SmartPlatform/arch/CMSIS/DSP_Lib/BasicMathFunctions/arm_sub_q15.c.obj
LOAD CMakeFiles/waveshare.dir/E_/working/smartplatform/SmartPlatform/arch/CMSIS/DSP_Lib/BasicMathFunctions/arm_sub_q31.c.obj
LOAD CMakeFiles/waveshare.dir/E_/working/smartplatform/SmartPlatform/arch/CMSIS/DSP_Lib/BasicMathFunctions/arm_sub_q7.c.obj
LOAD CMakeFiles/waveshare.dir/E_/working/smartplatform/SmartPlatform/arch/CMSIS/DSP_Lib/ComplexMathFunctions/arm_cmplx_conj_f32.c.obj
LOAD CMakeFiles/waveshare.dir/E_/working/smartplatform/SmartPlatform/arch/CMSIS/DSP_Lib/ComplexMathFunctions/arm_cmplx_conj_q15.c.obj
LOAD CMakeFiles/waveshare.dir/E_/working/smartplatform/SmartPlatform/arch/CMSIS/DSP_Lib/ComplexMathFunctions/arm_cmplx_conj_q31.c.obj
LOAD CMakeFiles/waveshare.dir/E_/working/smartplatform/SmartPlatform/arch/CMSIS/DSP_Lib/ComplexMathFunctions/arm_cmplx_dot_prod_f32.c.obj
LOAD CMakeFiles/waveshare.dir/E_/working/smartplatform/SmartPlatform/arch/CMSIS/DSP_Lib/ComplexMathFunctions/arm_cmplx_dot_prod_q15.c.obj
LOAD CMakeFiles/waveshare.dir/E_/working/smartplatform/SmartPlatform/arch/CMSIS/DSP_Lib/ComplexMathFunctions/arm_cmplx_dot_prod_q31.c.obj
LOAD CMakeFiles/waveshare.dir/E_/working/smartplatform/SmartPlatform/arch/CMSIS/DSP_Lib/ComplexMathFunctions/arm_cmplx_mag_f32.c.obj
LOAD CMakeFiles/waveshare.dir/E_/working/smartplatform/SmartPlatform/arch/CMSIS/DSP_Lib/ComplexMathFunctions/arm_cmplx_mag_q15.c.obj
LOAD CMakeFiles/waveshare.dir/E_/working/smartplatform/SmartPlatform/arch/CMSIS/DSP_Lib/ComplexMathFunctions/arm_cmplx_mag_q31.c.obj
LOAD CMakeFiles/waveshare.dir/E_/working/smartplatform/SmartPlatform/arch/CMSIS/DSP_Lib/ComplexMathFunctions/arm_cmplx_mag_squared_f32.c.obj
LOAD CMakeFiles/waveshare.dir/E_/working/smartplatform/SmartPlatform/arch/CMSIS/DSP_Lib/ComplexMathFunctions/arm_cmplx_mag_squared_q15.c.obj
LOAD CMakeFiles/waveshare.dir/E_/working/smartplatform/SmartPlatform/arch/CMSIS/DSP_Lib/ComplexMathFunctions/arm_cmplx_mag_squared_q31.c.obj
LOAD CMakeFiles/waveshare.dir/E_/working/smartplatform/SmartPlatform/arch/CMSIS/DSP_Lib/ComplexMathFunctions/arm_cmplx_mult_cmplx_f32.c.obj
LOAD CMakeFiles/waveshare.dir/E_/working/smartplatform/SmartPlatform/arch/CMSIS/DSP_Lib/ComplexMathFunctions/arm_cmplx_mult_cmplx_q15.c.obj
LOAD CMakeFiles/waveshare.dir/E_/working/smartplatform/SmartPlatform/arch/CMSIS/DSP_Lib/ComplexMathFunctions/arm_cmplx_mult_cmplx_q31.c.obj
LOAD CMakeFiles/waveshare.dir/E_/working/smartplatform/SmartPlatform/arch/CMSIS/DSP_Lib/ComplexMathFunctions/arm_cmplx_mult_real_f32.c.obj
LOAD CMakeFiles/waveshare.dir/E_/working/smartplatform/SmartPlatform/arch/CMSIS/DSP_Lib/ComplexMathFunctions/arm_cmplx_mult_real_q15.c.obj
LOAD CMakeFiles/waveshare.dir/E_/working/smartplatform/SmartPlatform/arch/CMSIS/DSP_Lib/ComplexMathFunctions/arm_cmplx_mult_real_q31.c.obj
LOAD CMakeFiles/waveshare.dir/E_/working/smartplatform/SmartPlatform/arch/CMSIS/DSP_Lib/FastMathFunctions/arm_cos_f32.c.obj
LOAD CMakeFiles/waveshare.dir/E_/working/smartplatform/SmartPlatform/arch/CMSIS/DSP_Lib/FastMathFunctions/arm_cos_q15.c.obj
LOAD CMakeFiles/waveshare.dir/E_/working/smartplatform/SmartPlatform/arch/CMSIS/DSP_Lib/FastMathFunctions/arm_cos_q31.c.obj
LOAD CMakeFiles/waveshare.dir/E_/working/smartplatform/SmartPlatform/arch/CMSIS/DSP_Lib/FastMathFunctions/arm_sin_f32.c.obj
LOAD CMakeFiles/waveshare.dir/E_/working/smartplatform/SmartPlatform/arch/CMSIS/DSP_Lib/FastMathFunctions/arm_sin_q15.c.obj
LOAD CMakeFiles/waveshare.dir/E_/working/smartplatform/SmartPlatform/arch/CMSIS/DSP_Lib/FastMathFunctions/arm_sin_q31.c.obj
LOAD CMakeFiles/waveshare.dir/E_/working/smartplatform/SmartPlatform/arch/CMSIS/DSP_Lib/FastMathFunctions/arm_sqrt_q15.c.obj
LOAD CMakeFiles/waveshare.dir/E_/working/smartplatform/SmartPlatform/arch/CMSIS/DSP_Lib/FastMathFunctions/arm_sqrt_q31.c.obj
LOAD CMakeFiles/waveshare.dir/E_/working/smartplatform/SmartPlatform/arch/CMSIS/DSP_Lib/MatrixFunctions/arm_mat_add_f32.c.obj
LOAD CMakeFiles/waveshare.dir/E_/working/smartplatform/SmartPlatform/arch/CMSIS/DSP_Lib/MatrixFunctions/arm_mat_add_q15.c.obj
LOAD CMakeFiles/waveshare.dir/E_/working/smartplatform/SmartPlatform/arch/CMSIS/DSP_Lib/MatrixFunctions/arm_mat_add_q31.c.obj
LOAD CMakeFiles/waveshare.dir/E_/working/smartplatform/SmartPlatform/arch/CMSIS/DSP_Lib/MatrixFunctions/arm_mat_cmplx_mult_f32.c.obj
LOAD CMakeFiles/waveshare.dir/E_/working/smartplatform/SmartPlatform/arch/CMSIS/DSP_Lib/MatrixFunctions/arm_mat_cmplx_mult_q15.c.obj
LOAD CMakeFiles/waveshare.dir/E_/working/smartplatform/SmartPlatform/arch/CMSIS/DSP_Lib/MatrixFunctions/arm_mat_cmplx_mult_q31.c.obj
LOAD CMakeFiles/waveshare.dir/E_/working/smartplatform/SmartPlatform/arch/CMSIS/DSP_Lib/MatrixFunctions/arm_mat_init_f32.c.obj
LOAD CMakeFiles/waveshare.dir/E_/working/smartplatform/SmartPlatform/arch/CMSIS/DSP_Lib/MatrixFunctions/arm_mat_init_q15.c.obj
LOAD CMakeFiles/waveshare.dir/E_/working/smartplatform/SmartPlatform/arch/CMSIS/DSP_Lib/MatrixFunctions/arm_mat_init_q31.c.obj
LOAD CMakeFiles/waveshare.dir/E_/working/smartplatform/SmartPlatform/arch/CMSIS/DSP_Lib/MatrixFunctions/arm_mat_inverse_f32.c.obj
LOAD CMakeFiles/waveshare.dir/E_/working/smartplatform/SmartPlatform/arch/CMSIS/DSP_Lib/MatrixFunctions/arm_mat_inverse_f64.c.obj
LOAD CMakeFiles/waveshare.dir/E_/working/smartplatform/SmartPlatform/arch/CMSIS/DSP_Lib/MatrixFunctions/arm_mat_mult_f32.c.obj
LOAD CMakeFiles/waveshare.dir/E_/working/smartplatform/SmartPlatform/arch/CMSIS/DSP_Lib/MatrixFunctions/arm_mat_mult_fast_q15.c.obj
LOAD CMakeFiles/waveshare.dir/E_/working/smartplatform/SmartPlatform/arch/CMSIS/DSP_Lib/MatrixFunctions/arm_mat_mult_fast_q31.c.obj
LOAD CMakeFiles/waveshare.dir/E_/working/smartplatform/SmartPlatform/arch/CMSIS/DSP_Lib/MatrixFunctions/arm_mat_mult_q15.c.obj
LOAD CMakeFiles/waveshare.dir/E_/working/smartplatform/SmartPlatform/arch/CMSIS/DSP_Lib/MatrixFunctions/arm_mat_mult_q31.c.obj
LOAD CMakeFiles/waveshare.dir/E_/working/smartplatform/SmartPlatform/arch/CMSIS/DSP_Lib/MatrixFunctions/arm_mat_scale_f32.c.obj
LOAD CMakeFiles/waveshare.dir/E_/working/smartplatform/SmartPlatform/arch/CMSIS/DSP_Lib/MatrixFunctions/arm_mat_scale_q15.c.obj
LOAD CMakeFiles/waveshare.dir/E_/working/smartplatform/SmartPlatform/arch/CMSIS/DSP_Lib/MatrixFunctions/arm_mat_scale_q31.c.obj
LOAD CMakeFiles/waveshare.dir/E_/working/smartplatform/SmartPlatform/arch/CMSIS/DSP_Lib/MatrixFunctions/arm_mat_sub_f32.c.obj
LOAD CMakeFiles/waveshare.dir/E_/working/smartplatform/SmartPlatform/arch/CMSIS/DSP_Lib/MatrixFunctions/arm_mat_sub_q15.c.obj
LOAD CMakeFiles/waveshare.dir/E_/working/smartplatform/SmartPlatform/arch/CMSIS/DSP_Lib/MatrixFunctions/arm_mat_sub_q31.c.obj
LOAD CMakeFiles/waveshare.dir/E_/working/smartplatform/SmartPlatform/arch/CMSIS/DSP_Lib/MatrixFunctions/arm_mat_trans_f32.c.obj
LOAD CMakeFiles/waveshare.dir/E_/working/smartplatform/SmartPlatform/arch/CMSIS/DSP_Lib/MatrixFunctions/arm_mat_trans_q15.c.obj
LOAD CMakeFiles/waveshare.dir/E_/working/smartplatform/SmartPlatform/arch/CMSIS/DSP_Lib/MatrixFunctions/arm_mat_trans_q31.c.obj
LOAD CMakeFiles/waveshare.dir/E_/working/smartplatform/SmartPlatform/arch/CMSIS/DSP_Lib/SupportFunctions/arm_copy_f32.c.obj
LOAD CMakeFiles/waveshare.dir/E_/working/smartplatform/SmartPlatform/arch/CMSIS/DSP_Lib/SupportFunctions/arm_copy_q15.c.obj
LOAD CMakeFiles/waveshare.dir/E_/working/smartplatform/SmartPlatform/arch/CMSIS/DSP_Lib/SupportFunctions/arm_copy_q31.c.obj
LOAD CMakeFiles/waveshare.dir/E_/working/smartplatform/SmartPlatform/arch/CMSIS/DSP_Lib/SupportFunctions/arm_copy_q7.c.obj
LOAD CMakeFiles/waveshare.dir/E_/working/smartplatform/SmartPlatform/arch/CMSIS/DSP_Lib/SupportFunctions/arm_fill_f32.c.obj
LOAD CMakeFiles/waveshare.dir/E_/working/smartplatform/SmartPlatform/arch/CMSIS/DSP_Lib/SupportFunctions/arm_fill_q15.c.obj
LOAD CMakeFiles/waveshare.dir/E_/working/smartplatform/SmartPlatform/arch/CMSIS/DSP_Lib/SupportFunctions/arm_fill_q31.c.obj
LOAD CMakeFiles/waveshare.dir/E_/working/smartplatform/SmartPlatform/arch/CMSIS/DSP_Lib/SupportFunctions/arm_fill_q7.c.obj
LOAD CMakeFiles/waveshare.dir/E_/working/smartplatform/SmartPlatform/arch/CMSIS/DSP_Lib/SupportFunctions/arm_float_to_q15.c.obj
LOAD CMakeFiles/waveshare.dir/E_/working/smartplatform/SmartPlatform/arch/CMSIS/DSP_Lib/SupportFunctions/arm_float_to_q31.c.obj
LOAD CMakeFiles/waveshare.dir/E_/working/smartplatform/SmartPlatform/arch/CMSIS/DSP_Lib/SupportFunctions/arm_float_to_q7.c.obj
LOAD CMakeFiles/waveshare.dir/E_/working/smartplatform/SmartPlatform/arch/CMSIS/DSP_Lib/SupportFunctions/arm_q15_to_float.c.obj
LOAD CMakeFiles/waveshare.dir/E_/working/smartplatform/SmartPlatform/arch/CMSIS/DSP_Lib/SupportFunctions/arm_q15_to_q31.c.obj
LOAD CMakeFiles/waveshare.dir/E_/working/smartplatform/SmartPlatform/arch/CMSIS/DSP_Lib/SupportFunctions/arm_q15_to_q7.c.obj
LOAD CMakeFiles/waveshare.dir/E_/working/smartplatform/SmartPlatform/arch/CMSIS/DSP_Lib/SupportFunctions/arm_q31_to_float.c.obj
LOAD CMakeFiles/waveshare.dir/E_/working/smartplatform/SmartPlatform/arch/CMSIS/DSP_Lib/SupportFunctions/arm_q31_to_q15.c.obj
LOAD CMakeFiles/waveshare.dir/E_/working/smartplatform/SmartPlatform/arch/CMSIS/DSP_Lib/SupportFunctions/arm_q31_to_q7.c.obj
LOAD CMakeFiles/waveshare.dir/E_/working/smartplatform/SmartPlatform/arch/CMSIS/DSP_Lib/SupportFunctions/arm_q7_to_float.c.obj
LOAD CMakeFiles/waveshare.dir/E_/working/smartplatform/SmartPlatform/arch/CMSIS/DSP_Lib/SupportFunctions/arm_q7_to_q15.c.obj
LOAD CMakeFiles/waveshare.dir/E_/working/smartplatform/SmartPlatform/arch/CMSIS/DSP_Lib/SupportFunctions/arm_q7_to_q31.c.obj
LOAD CMakeFiles/waveshare.dir/E_/working/smartplatform/SmartPlatform/arch/CMSIS/DSP_Lib/CommonTables/arm_common_tables.c.obj
LOAD CMakeFiles/waveshare.dir/E_/working/smartplatform/SmartPlatform/arch/CMSIS/DSP_Lib/CommonTables/arm_const_structs.c.obj
LOAD CMakeFiles/waveshare.dir/E_/working/smartplatform/SmartPlatform/arch/CMSIS/DSP_Lib/ControllerFunctions/arm_pid_init_f32.c.obj
LOAD CMakeFiles/waveshare.dir/E_/working/smartplatform/SmartPlatform/arch/CMSIS/DSP_Lib/ControllerFunctions/arm_pid_init_q15.c.obj
LOAD CMakeFiles/waveshare.dir/E_/working/smartplatform/SmartPlatform/arch/CMSIS/DSP_Lib/ControllerFunctions/arm_pid_init_q31.c.obj
LOAD CMakeFiles/waveshare.dir/E_/working/smartplatform/SmartPlatform/arch/CMSIS/DSP_Lib/ControllerFunctions/arm_pid_reset_f32.c.obj
LOAD CMakeFiles/waveshare.dir/E_/working/smartplatform/SmartPlatform/arch/CMSIS/DSP_Lib/ControllerFunctions/arm_pid_reset_q15.c.obj
LOAD CMakeFiles/waveshare.dir/E_/working/smartplatform/SmartPlatform/arch/CMSIS/DSP_Lib/ControllerFunctions/arm_pid_reset_q31.c.obj
LOAD CMakeFiles/waveshare.dir/E_/working/smartplatform/SmartPlatform/arch/CMSIS/DSP_Lib/ControllerFunctions/arm_sin_cos_f32.c.obj
LOAD CMakeFiles/waveshare.dir/E_/working/smartplatform/SmartPlatform/arch/CMSIS/DSP_Lib/ControllerFunctions/arm_sin_cos_q31.c.obj
LOAD CMakeFiles/waveshare.dir/E_/working/smartplatform/SmartPlatform/arch/CMSIS/DSP_Lib/FilteringFunctions/arm_biquad_cascade_df1_32x64_init_q31.c.obj
LOAD CMakeFiles/waveshare.dir/E_/working/smartplatform/SmartPlatform/arch/CMSIS/DSP_Lib/FilteringFunctions/arm_biquad_cascade_df1_32x64_q31.c.obj
LOAD CMakeFiles/waveshare.dir/E_/working/smartplatform/SmartPlatform/arch/CMSIS/DSP_Lib/FilteringFunctions/arm_biquad_cascade_df1_f32.c.obj
LOAD CMakeFiles/waveshare.dir/E_/working/smartplatform/SmartPlatform/arch/CMSIS/DSP_Lib/FilteringFunctions/arm_biquad_cascade_df1_fast_q15.c.obj
LOAD CMakeFiles/waveshare.dir/E_/working/smartplatform/SmartPlatform/arch/CMSIS/DSP_Lib/FilteringFunctions/arm_biquad_cascade_df1_fast_q31.c.obj
LOAD CMakeFiles/waveshare.dir/E_/working/smartplatform/SmartPlatform/arch/CMSIS/DSP_Lib/FilteringFunctions/arm_biquad_cascade_df1_init_f32.c.obj
LOAD CMakeFiles/waveshare.dir/E_/working/smartplatform/SmartPlatform/arch/CMSIS/DSP_Lib/FilteringFunctions/arm_biquad_cascade_df1_init_q15.c.obj
LOAD CMakeFiles/waveshare.dir/E_/working/smartplatform/SmartPlatform/arch/CMSIS/DSP_Lib/FilteringFunctions/arm_biquad_cascade_df1_init_q31.c.obj
LOAD CMakeFiles/waveshare.dir/E_/working/smartplatform/SmartPlatform/arch/CMSIS/DSP_Lib/FilteringFunctions/arm_biquad_cascade_df1_q15.c.obj
LOAD CMakeFiles/waveshare.dir/E_/working/smartplatform/SmartPlatform/arch/CMSIS/DSP_Lib/FilteringFunctions/arm_biquad_cascade_df1_q31.c.obj
LOAD CMakeFiles/waveshare.dir/E_/working/smartplatform/SmartPlatform/arch/CMSIS/DSP_Lib/FilteringFunctions/arm_biquad_cascade_df2T_f32.c.obj
LOAD CMakeFiles/waveshare.dir/E_/working/smartplatform/SmartPlatform/arch/CMSIS/DSP_Lib/FilteringFunctions/arm_biquad_cascade_df2T_f64.c.obj
LOAD CMakeFiles/waveshare.dir/E_/working/smartplatform/SmartPlatform/arch/CMSIS/DSP_Lib/FilteringFunctions/arm_biquad_cascade_df2T_init_f32.c.obj
LOAD CMakeFiles/waveshare.dir/E_/working/smartplatform/SmartPlatform/arch/CMSIS/DSP_Lib/FilteringFunctions/arm_biquad_cascade_df2T_init_f64.c.obj
LOAD CMakeFiles/waveshare.dir/E_/working/smartplatform/SmartPlatform/arch/CMSIS/DSP_Lib/FilteringFunctions/arm_biquad_cascade_stereo_df2T_f32.c.obj
LOAD CMakeFiles/waveshare.dir/E_/working/smartplatform/SmartPlatform/arch/CMSIS/DSP_Lib/FilteringFunctions/arm_biquad_cascade_stereo_df2T_init_f32.c.obj
LOAD CMakeFiles/waveshare.dir/E_/working/smartplatform/SmartPlatform/arch/CMSIS/DSP_Lib/FilteringFunctions/arm_conv_f32.c.obj
LOAD CMakeFiles/waveshare.dir/E_/working/smartplatform/SmartPlatform/arch/CMSIS/DSP_Lib/FilteringFunctions/arm_conv_fast_opt_q15.c.obj
LOAD CMakeFiles/waveshare.dir/E_/working/smartplatform/SmartPlatform/arch/CMSIS/DSP_Lib/FilteringFunctions/arm_conv_fast_q15.c.obj
LOAD CMakeFiles/waveshare.dir/E_/working/smartplatform/SmartPlatform/arch/CMSIS/DSP_Lib/FilteringFunctions/arm_conv_fast_q31.c.obj
LOAD CMakeFiles/waveshare.dir/E_/working/smartplatform/SmartPlatform/arch/CMSIS/DSP_Lib/FilteringFunctions/arm_conv_opt_q15.c.obj
LOAD CMakeFiles/waveshare.dir/E_/working/smartplatform/SmartPlatform/arch/CMSIS/DSP_Lib/FilteringFunctions/arm_conv_opt_q7.c.obj
LOAD CMakeFiles/waveshare.dir/E_/working/smartplatform/SmartPlatform/arch/CMSIS/DSP_Lib/FilteringFunctions/arm_conv_partial_f32.c.obj
LOAD CMakeFiles/waveshare.dir/E_/working/smartplatform/SmartPlatform/arch/CMSIS/DSP_Lib/FilteringFunctions/arm_conv_partial_fast_opt_q15.c.obj
LOAD CMakeFiles/waveshare.dir/E_/working/smartplatform/SmartPlatform/arch/CMSIS/DSP_Lib/FilteringFunctions/arm_conv_partial_fast_q15.c.obj
LOAD CMakeFiles/waveshare.dir/E_/working/smartplatform/SmartPlatform/arch/CMSIS/DSP_Lib/FilteringFunctions/arm_conv_partial_fast_q31.c.obj
LOAD CMakeFiles/waveshare.dir/E_/working/smartplatform/SmartPlatform/arch/CMSIS/DSP_Lib/FilteringFunctions/arm_conv_partial_opt_q15.c.obj
LOAD CMakeFiles/waveshare.dir/E_/working/smartplatform/SmartPlatform/arch/CMSIS/DSP_Lib/FilteringFunctions/arm_conv_partial_opt_q7.c.obj
LOAD CMakeFiles/waveshare.dir/E_/working/smartplatform/SmartPlatform/arch/CMSIS/DSP_Lib/FilteringFunctions/arm_conv_partial_q15.c.obj
LOAD CMakeFiles/waveshare.dir/E_/working/smartplatform/SmartPlatform/arch/CMSIS/DSP_Lib/FilteringFunctions/arm_conv_partial_q31.c.obj
LOAD CMakeFiles/waveshare.dir/E_/working/smartplatform/SmartPlatform/arch/CMSIS/DSP_Lib/FilteringFunctions/arm_conv_partial_q7.c.obj
LOAD CMakeFiles/waveshare.dir/E_/working/smartplatform/SmartPlatform/arch/CMSIS/DSP_Lib/FilteringFunctions/arm_conv_q15.c.obj
LOAD CMakeFiles/waveshare.dir/E_/working/smartplatform/SmartPlatform/arch/CMSIS/DSP_Lib/FilteringFunctions/arm_conv_q31.c.obj
LOAD CMakeFiles/waveshare.dir/E_/working/smartplatform/SmartPlatform/arch/CMSIS/DSP_Lib/FilteringFunctions/arm_conv_q7.c.obj
LOAD CMakeFiles/waveshare.dir/E_/working/smartplatform/SmartPlatform/arch/CMSIS/DSP_Lib/FilteringFunctions/arm_correlate_f32.c.obj
LOAD CMakeFiles/waveshare.dir/E_/working/smartplatform/SmartPlatform/arch/CMSIS/DSP_Lib/FilteringFunctions/arm_correlate_fast_opt_q15.c.obj
LOAD CMakeFiles/waveshare.dir/E_/working/smartplatform/SmartPlatform/arch/CMSIS/DSP_Lib/FilteringFunctions/arm_correlate_fast_q15.c.obj
LOAD CMakeFiles/waveshare.dir/E_/working/smartplatform/SmartPlatform/arch/CMSIS/DSP_Lib/FilteringFunctions/arm_correlate_fast_q31.c.obj
LOAD CMakeFiles/waveshare.dir/E_/working/smartplatform/SmartPlatform/arch/CMSIS/DSP_Lib/FilteringFunctions/arm_correlate_opt_q15.c.obj
LOAD CMakeFiles/waveshare.dir/E_/working/smartplatform/SmartPlatform/arch/CMSIS/DSP_Lib/FilteringFunctions/arm_correlate_opt_q7.c.obj
LOAD CMakeFiles/waveshare.dir/E_/working/smartplatform/SmartPlatform/arch/CMSIS/DSP_Lib/FilteringFunctions/arm_correlate_q15.c.obj
LOAD CMakeFiles/waveshare.dir/E_/working/smartplatform/SmartPlatform/arch/CMSIS/DSP_Lib/FilteringFunctions/arm_correlate_q31.c.obj
LOAD CMakeFiles/waveshare.dir/E_/working/smartplatform/SmartPlatform/arch/CMSIS/DSP_Lib/FilteringFunctions/arm_correlate_q7.c.obj
LOAD CMakeFiles/waveshare.dir/E_/working/smartplatform/SmartPlatform/arch/CMSIS/DSP_Lib/FilteringFunctions/arm_fir_decimate_f32.c.obj
LOAD CMakeFiles/waveshare.dir/E_/working/smartplatform/SmartPlatform/arch/CMSIS/DSP_Lib/FilteringFunctions/arm_fir_decimate_fast_q15.c.obj
LOAD CMakeFiles/waveshare.dir/E_/working/smartplatform/SmartPlatform/arch/CMSIS/DSP_Lib/FilteringFunctions/arm_fir_decimate_fast_q31.c.obj
LOAD CMakeFiles/waveshare.dir/E_/working/smartplatform/SmartPlatform/arch/CMSIS/DSP_Lib/FilteringFunctions/arm_fir_decimate_init_f32.c.obj
LOAD CMakeFiles/waveshare.dir/E_/working/smartplatform/SmartPlatform/arch/CMSIS/DSP_Lib/FilteringFunctions/arm_fir_decimate_init_q15.c.obj
LOAD CMakeFiles/waveshare.dir/E_/working/smartplatform/SmartPlatform/arch/CMSIS/DSP_Lib/FilteringFunctions/arm_fir_decimate_init_q31.c.obj
LOAD CMakeFiles/waveshare.dir/E_/working/smartplatform/SmartPlatform/arch/CMSIS/DSP_Lib/FilteringFunctions/arm_fir_decimate_q15.c.obj
LOAD CMakeFiles/waveshare.dir/E_/working/smartplatform/SmartPlatform/arch/CMSIS/DSP_Lib/FilteringFunctions/arm_fir_decimate_q31.c.obj
LOAD CMakeFiles/waveshare.dir/E_/working/smartplatform/SmartPlatform/arch/CMSIS/DSP_Lib/FilteringFunctions/arm_fir_f32.c.obj
LOAD CMakeFiles/waveshare.dir/E_/working/smartplatform/SmartPlatform/arch/CMSIS/DSP_Lib/FilteringFunctions/arm_fir_fast_q15.c.obj
LOAD CMakeFiles/waveshare.dir/E_/working/smartplatform/SmartPlatform/arch/CMSIS/DSP_Lib/FilteringFunctions/arm_fir_fast_q31.c.obj
LOAD CMakeFiles/waveshare.dir/E_/working/smartplatform/SmartPlatform/arch/CMSIS/DSP_Lib/FilteringFunctions/arm_fir_init_f32.c.obj
LOAD CMakeFiles/waveshare.dir/E_/working/smartplatform/SmartPlatform/arch/CMSIS/DSP_Lib/FilteringFunctions/arm_fir_init_q15.c.obj
LOAD CMakeFiles/waveshare.dir/E_/working/smartplatform/SmartPlatform/arch/CMSIS/DSP_Lib/FilteringFunctions/arm_fir_init_q31.c.obj
LOAD CMakeFiles/waveshare.dir/E_/working/smartplatform/SmartPlatform/arch/CMSIS/DSP_Lib/FilteringFunctions/arm_fir_init_q7.c.obj
LOAD CMakeFiles/waveshare.dir/E_/working/smartplatform/SmartPlatform/arch/CMSIS/DSP_Lib/FilteringFunctions/arm_fir_interpolate_f32.c.obj
LOAD CMakeFiles/waveshare.dir/E_/working/smartplatform/SmartPlatform/arch/CMSIS/DSP_Lib/FilteringFunctions/arm_fir_interpolate_init_f32.c.obj
LOAD CMakeFiles/waveshare.dir/E_/working/smartplatform/SmartPlatform/arch/CMSIS/DSP_Lib/FilteringFunctions/arm_fir_interpolate_init_q15.c.obj
LOAD CMakeFiles/waveshare.dir/E_/working/smartplatform/SmartPlatform/arch/CMSIS/DSP_Lib/FilteringFunctions/arm_fir_interpolate_init_q31.c.obj
LOAD CMakeFiles/waveshare.dir/E_/working/smartplatform/SmartPlatform/arch/CMSIS/DSP_Lib/FilteringFunctions/arm_fir_interpolate_q15.c.obj
LOAD CMakeFiles/waveshare.dir/E_/working/smartplatform/SmartPlatform/arch/CMSIS/DSP_Lib/FilteringFunctions/arm_fir_interpolate_q31.c.obj
LOAD CMakeFiles/waveshare.dir/E_/working/smartplatform/SmartPlatform/arch/CMSIS/DSP_Lib/FilteringFunctions/arm_fir_lattice_f32.c.obj
LOAD CMakeFiles/waveshare.dir/E_/working/smartplatform/SmartPlatform/arch/CMSIS/DSP_Lib/FilteringFunctions/arm_fir_lattice_init_f32.c.obj
LOAD CMakeFiles/waveshare.dir/E_/working/smartplatform/SmartPlatform/arch/CMSIS/DSP_Lib/FilteringFunctions/arm_fir_lattice_init_q15.c.obj
LOAD CMakeFiles/waveshare.dir/E_/working/smartplatform/SmartPlatform/arch/CMSIS/DSP_Lib/FilteringFunctions/arm_fir_lattice_init_q31.c.obj
LOAD CMakeFiles/waveshare.dir/E_/working/smartplatform/SmartPlatform/arch/CMSIS/DSP_Lib/FilteringFunctions/arm_fir_lattice_q15.c.obj
LOAD CMakeFiles/waveshare.dir/E_/working/smartplatform/SmartPlatform/arch/CMSIS/DSP_Lib/FilteringFunctions/arm_fir_lattice_q31.c.obj
LOAD CMakeFiles/waveshare.dir/E_/working/smartplatform/SmartPlatform/arch/CMSIS/DSP_Lib/FilteringFunctions/arm_fir_q15.c.obj
LOAD CMakeFiles/waveshare.dir/E_/working/smartplatform/SmartPlatform/arch/CMSIS/DSP_Lib/FilteringFunctions/arm_fir_q31.c.obj
LOAD CMakeFiles/waveshare.dir/E_/working/smartplatform/SmartPlatform/arch/CMSIS/DSP_Lib/FilteringFunctions/arm_fir_q7.c.obj
LOAD CMakeFiles/waveshare.dir/E_/working/smartplatform/SmartPlatform/arch/CMSIS/DSP_Lib/FilteringFunctions/arm_fir_sparse_f32.c.obj
LOAD CMakeFiles/waveshare.dir/E_/working/smartplatform/SmartPlatform/arch/CMSIS/DSP_Lib/FilteringFunctions/arm_fir_sparse_init_f32.c.obj
LOAD CMakeFiles/waveshare.dir/E_/working/smartplatform/SmartPlatform/arch/CMSIS/DSP_Lib/FilteringFunctions/arm_fir_sparse_init_q15.c.obj
LOAD CMakeFiles/waveshare.dir/E_/working/smartplatform/SmartPlatform/arch/CMSIS/DSP_Lib/FilteringFunctions/arm_fir_sparse_init_q31.c.obj
LOAD CMakeFiles/waveshare.dir/E_/working/smartplatform/SmartPlatform/arch/CMSIS/DSP_Lib/FilteringFunctions/arm_fir_sparse_init_q7.c.obj
LOAD CMakeFiles/waveshare.dir/E_/working/smartplatform/SmartPlatform/arch/CMSIS/DSP_Lib/FilteringFunctions/arm_fir_sparse_q15.c.obj
LOAD CMakeFiles/waveshare.dir/E_/working/smartplatform/SmartPlatform/arch/CMSIS/DSP_Lib/FilteringFunctions/arm_fir_sparse_q31.c.obj
LOAD CMakeFiles/waveshare.dir/E_/working/smartplatform/SmartPlatform/arch/CMSIS/DSP_Lib/FilteringFunctions/arm_fir_sparse_q7.c.obj
LOAD CMakeFiles/waveshare.dir/E_/working/smartplatform/SmartPlatform/arch/CMSIS/DSP_Lib/FilteringFunctions/arm_iir_lattice_f32.c.obj
LOAD CMakeFiles/waveshare.dir/E_/working/smartplatform/SmartPlatform/arch/CMSIS/DSP_Lib/FilteringFunctions/arm_iir_lattice_init_f32.c.obj
LOAD CMakeFiles/waveshare.dir/E_/working/smartplatform/SmartPlatform/arch/CMSIS/DSP_Lib/FilteringFunctions/arm_iir_lattice_init_q15.c.obj
LOAD CMakeFiles/waveshare.dir/E_/working/smartplatform/SmartPlatform/arch/CMSIS/DSP_Lib/FilteringFunctions/arm_iir_lattice_init_q31.c.obj
LOAD CMakeFiles/waveshare.dir/E_/working/smartplatform/SmartPlatform/arch/CMSIS/DSP_Lib/FilteringFunctions/arm_iir_lattice_q15.c.obj
LOAD CMakeFiles/waveshare.dir/E_/working/smartplatform/SmartPlatform/arch/CMSIS/DSP_Lib/FilteringFunctions/arm_iir_lattice_q31.c.obj
LOAD CMakeFiles/waveshare.dir/E_/working/smartplatform/SmartPlatform/arch/CMSIS/DSP_Lib/FilteringFunctions/arm_lms_f32.c.obj
LOAD CMakeFiles/waveshare.dir/E_/working/smartplatform/SmartPlatform/arch/CMSIS/DSP_Lib/FilteringFunctions/arm_lms_init_f32.c.obj
LOAD CMakeFiles/waveshare.dir/E_/working/smartplatform/SmartPlatform/arch/CMSIS/DSP_Lib/FilteringFunctions/arm_lms_init_q15.c.obj
LOAD CMakeFiles/waveshare.dir/E_/working/smartplatform/SmartPlatform/arch/CMSIS/DSP_Lib/FilteringFunctions/arm_lms_init_q31.c.obj
LOAD CMakeFiles/waveshare.dir/E_/working/smartplatform/SmartPlatform/arch/CMSIS/DSP_Lib/FilteringFunctions/arm_lms_norm_f32.c.obj
LOAD CMakeFiles/waveshare.dir/E_/working/smartplatform/SmartPlatform/arch/CMSIS/DSP_Lib/FilteringFunctions/arm_lms_norm_init_f32.c.obj
LOAD CMakeFiles/waveshare.dir/E_/working/smartplatform/SmartPlatform/arch/CMSIS/DSP_Lib/FilteringFunctions/arm_lms_norm_init_q15.c.obj
LOAD CMakeFiles/waveshare.dir/E_/working/smartplatform/SmartPlatform/arch/CMSIS/DSP_Lib/FilteringFunctions/arm_lms_norm_init_q31.c.obj
LOAD CMakeFiles/waveshare.dir/E_/working/smartplatform/SmartPlatform/arch/CMSIS/DSP_Lib/FilteringFunctions/arm_lms_norm_q15.c.obj
LOAD CMakeFiles/waveshare.dir/E_/working/smartplatform/SmartPlatform/arch/CMSIS/DSP_Lib/FilteringFunctions/arm_lms_norm_q31.c.obj
LOAD CMakeFiles/waveshare.dir/E_/working/smartplatform/SmartPlatform/arch/CMSIS/DSP_Lib/FilteringFunctions/arm_lms_q15.c.obj
LOAD CMakeFiles/waveshare.dir/E_/working/smartplatform/SmartPlatform/arch/CMSIS/DSP_Lib/FilteringFunctions/arm_lms_q31.c.obj
LOAD CMakeFiles/waveshare.dir/E_/working/smartplatform/SmartPlatform/arch/CMSIS/DSP_Lib/StatisticsFunctions/arm_max_f32.c.obj
LOAD CMakeFiles/waveshare.dir/E_/working/smartplatform/SmartPlatform/arch/CMSIS/DSP_Lib/StatisticsFunctions/arm_max_q15.c.obj
LOAD CMakeFiles/waveshare.dir/E_/working/smartplatform/SmartPlatform/arch/CMSIS/DSP_Lib/StatisticsFunctions/arm_max_q31.c.obj
LOAD CMakeFiles/waveshare.dir/E_/working/smartplatform/SmartPlatform/arch/CMSIS/DSP_Lib/StatisticsFunctions/arm_max_q7.c.obj
LOAD CMakeFiles/waveshare.dir/E_/working/smartplatform/SmartPlatform/arch/CMSIS/DSP_Lib/StatisticsFunctions/arm_mean_f32.c.obj
LOAD CMakeFiles/waveshare.dir/E_/working/smartplatform/SmartPlatform/arch/CMSIS/DSP_Lib/StatisticsFunctions/arm_mean_q15.c.obj
LOAD CMakeFiles/waveshare.dir/E_/working/smartplatform/SmartPlatform/arch/CMSIS/DSP_Lib/StatisticsFunctions/arm_mean_q31.c.obj
LOAD CMakeFiles/waveshare.dir/E_/working/smartplatform/SmartPlatform/arch/CMSIS/DSP_Lib/StatisticsFunctions/arm_mean_q7.c.obj
LOAD CMakeFiles/waveshare.dir/E_/working/smartplatform/SmartPlatform/arch/CMSIS/DSP_Lib/StatisticsFunctions/arm_min_f32.c.obj
LOAD CMakeFiles/waveshare.dir/E_/working/smartplatform/SmartPlatform/arch/CMSIS/DSP_Lib/StatisticsFunctions/arm_min_q15.c.obj
LOAD CMakeFiles/waveshare.dir/E_/working/smartplatform/SmartPlatform/arch/CMSIS/DSP_Lib/StatisticsFunctions/arm_min_q31.c.obj
LOAD CMakeFiles/waveshare.dir/E_/working/smartplatform/SmartPlatform/arch/CMSIS/DSP_Lib/StatisticsFunctions/arm_min_q7.c.obj
LOAD CMakeFiles/waveshare.dir/E_/working/smartplatform/SmartPlatform/arch/CMSIS/DSP_Lib/StatisticsFunctions/arm_power_f32.c.obj
LOAD CMakeFiles/waveshare.dir/E_/working/smartplatform/SmartPlatform/arch/CMSIS/DSP_Lib/StatisticsFunctions/arm_power_q15.c.obj
LOAD CMakeFiles/waveshare.dir/E_/working/smartplatform/SmartPlatform/arch/CMSIS/DSP_Lib/StatisticsFunctions/arm_power_q31.c.obj
LOAD CMakeFiles/waveshare.dir/E_/working/smartplatform/SmartPlatform/arch/CMSIS/DSP_Lib/StatisticsFunctions/arm_power_q7.c.obj
LOAD CMakeFiles/waveshare.dir/E_/working/smartplatform/SmartPlatform/arch/CMSIS/DSP_Lib/StatisticsFunctions/arm_rms_f32.c.obj
LOAD CMakeFiles/waveshare.dir/E_/working/smartplatform/SmartPlatform/arch/CMSIS/DSP_Lib/StatisticsFunctions/arm_rms_q15.c.obj
LOAD CMakeFiles/waveshare.dir/E_/working/smartplatform/SmartPlatform/arch/CMSIS/DSP_Lib/StatisticsFunctions/arm_rms_q31.c.obj
LOAD CMakeFiles/waveshare.dir/E_/working/smartplatform/SmartPlatform/arch/CMSIS/DSP_Lib/StatisticsFunctions/arm_std_f32.c.obj
LOAD CMakeFiles/waveshare.dir/E_/working/smartplatform/SmartPlatform/arch/CMSIS/DSP_Lib/StatisticsFunctions/arm_std_q15.c.obj
LOAD CMakeFiles/waveshare.dir/E_/working/smartplatform/SmartPlatform/arch/CMSIS/DSP_Lib/StatisticsFunctions/arm_std_q31.c.obj
LOAD CMakeFiles/waveshare.dir/E_/working/smartplatform/SmartPlatform/arch/CMSIS/DSP_Lib/StatisticsFunctions/arm_var_f32.c.obj
LOAD CMakeFiles/waveshare.dir/E_/working/smartplatform/SmartPlatform/arch/CMSIS/DSP_Lib/StatisticsFunctions/arm_var_q15.c.obj
LOAD CMakeFiles/waveshare.dir/E_/working/smartplatform/SmartPlatform/arch/CMSIS/DSP_Lib/StatisticsFunctions/arm_var_q31.c.obj
LOAD CMakeFiles/waveshare.dir/E_/working/smartplatform/SmartPlatform/arch/CMSIS/DSP_Lib/TransformFunctions/arm_bitreversal.c.obj
LOAD CMakeFiles/waveshare.dir/E_/working/smartplatform/SmartPlatform/arch/CMSIS/DSP_Lib/TransformFunctions/arm_cfft_f32.c.obj
LOAD CMakeFiles/waveshare.dir/E_/working/smartplatform/SmartPlatform/arch/CMSIS/DSP_Lib/TransformFunctions/arm_cfft_q15.c.obj
LOAD CMakeFiles/waveshare.dir/E_/working/smartplatform/SmartPlatform/arch/CMSIS/DSP_Lib/TransformFunctions/arm_cfft_q31.c.obj
LOAD CMakeFiles/waveshare.dir/E_/working/smartplatform/SmartPlatform/arch/CMSIS/DSP_Lib/TransformFunctions/arm_cfft_radix2_f32.c.obj
LOAD CMakeFiles/waveshare.dir/E_/working/smartplatform/SmartPlatform/arch/CMSIS/DSP_Lib/TransformFunctions/arm_cfft_radix2_init_f32.c.obj
LOAD CMakeFiles/waveshare.dir/E_/working/smartplatform/SmartPlatform/arch/CMSIS/DSP_Lib/TransformFunctions/arm_cfft_radix2_init_q15.c.obj
LOAD CMakeFiles/waveshare.dir/E_/working/smartplatform/SmartPlatform/arch/CMSIS/DSP_Lib/TransformFunctions/arm_cfft_radix2_init_q31.c.obj
LOAD CMakeFiles/waveshare.dir/E_/working/smartplatform/SmartPlatform/arch/CMSIS/DSP_Lib/TransformFunctions/arm_cfft_radix2_q15.c.obj
LOAD CMakeFiles/waveshare.dir/E_/working/smartplatform/SmartPlatform/arch/CMSIS/DSP_Lib/TransformFunctions/arm_cfft_radix2_q31.c.obj
LOAD CMakeFiles/waveshare.dir/E_/working/smartplatform/SmartPlatform/arch/CMSIS/DSP_Lib/TransformFunctions/arm_cfft_radix4_f32.c.obj
LOAD CMakeFiles/waveshare.dir/E_/working/smartplatform/SmartPlatform/arch/CMSIS/DSP_Lib/TransformFunctions/arm_cfft_radix4_init_f32.c.obj
LOAD CMakeFiles/waveshare.dir/E_/working/smartplatform/SmartPlatform/arch/CMSIS/DSP_Lib/TransformFunctions/arm_cfft_radix4_init_q15.c.obj
LOAD CMakeFiles/waveshare.dir/E_/working/smartplatform/SmartPlatform/arch/CMSIS/DSP_Lib/TransformFunctions/arm_cfft_radix4_init_q31.c.obj
LOAD CMakeFiles/waveshare.dir/E_/working/smartplatform/SmartPlatform/arch/CMSIS/DSP_Lib/TransformFunctions/arm_cfft_radix4_q15.c.obj
LOAD CMakeFiles/waveshare.dir/E_/working/smartplatform/SmartPlatform/arch/CMSIS/DSP_Lib/TransformFunctions/arm_cfft_radix4_q31.c.obj
LOAD CMakeFiles/waveshare.dir/E_/working/smartplatform/SmartPlatform/arch/CMSIS/DSP_Lib/TransformFunctions/arm_cfft_radix8_f32.c.obj
LOAD CMakeFiles/waveshare.dir/E_/working/smartplatform/SmartPlatform/arch/CMSIS/DSP_Lib/TransformFunctions/arm_dct4_f32.c.obj
LOAD CMakeFiles/waveshare.dir/E_/working/smartplatform/SmartPlatform/arch/CMSIS/DSP_Lib/TransformFunctions/arm_dct4_init_f32.c.obj
LOAD CMakeFiles/waveshare.dir/E_/working/smartplatform/SmartPlatform/arch/CMSIS/DSP_Lib/TransformFunctions/arm_dct4_init_q15.c.obj
LOAD CMakeFiles/waveshare.dir/E_/working/smartplatform/SmartPlatform/arch/CMSIS/DSP_Lib/TransformFunctions/arm_dct4_init_q31.c.obj
LOAD CMakeFiles/waveshare.dir/E_/working/smartplatform/SmartPlatform/arch/CMSIS/DSP_Lib/TransformFunctions/arm_dct4_q15.c.obj
LOAD CMakeFiles/waveshare.dir/E_/working/smartplatform/SmartPlatform/arch/CMSIS/DSP_Lib/TransformFunctions/arm_dct4_q31.c.obj
LOAD CMakeFiles/waveshare.dir/E_/working/smartplatform/SmartPlatform/arch/CMSIS/DSP_Lib/TransformFunctions/arm_rfft_f32.c.obj
LOAD CMakeFiles/waveshare.dir/E_/working/smartplatform/SmartPlatform/arch/CMSIS/DSP_Lib/TransformFunctions/arm_rfft_fast_f32.c.obj
LOAD CMakeFiles/waveshare.dir/E_/working/smartplatform/SmartPlatform/arch/CMSIS/DSP_Lib/TransformFunctions/arm_rfft_fast_init_f32.c.obj
LOAD CMakeFiles/waveshare.dir/E_/working/smartplatform/SmartPlatform/arch/CMSIS/DSP_Lib/TransformFunctions/arm_rfft_init_f32.c.obj
LOAD CMakeFiles/waveshare.dir/E_/working/smartplatform/SmartPlatform/arch/CMSIS/DSP_Lib/TransformFunctions/arm_rfft_init_q15.c.obj
LOAD CMakeFiles/waveshare.dir/E_/working/smartplatform/SmartPlatform/arch/CMSIS/DSP_Lib/TransformFunctions/arm_rfft_init_q31.c.obj
LOAD CMakeFiles/waveshare.dir/E_/working/smartplatform/SmartPlatform/arch/CMSIS/DSP_Lib/TransformFunctions/arm_rfft_q15.c.obj
LOAD CMakeFiles/waveshare.dir/E_/working/smartplatform/SmartPlatform/arch/CMSIS/DSP_Lib/TransformFunctions/arm_rfft_q31.c.obj
LOAD CMakeFiles/waveshare.dir/E_/working/smartplatform/SmartPlatform/arch/CMSIS/Device/STM32F4xx/Source/startup_stm32f407xx.s.obj
LOAD CMakeFiles/waveshare.dir/E_/working/smartplatform/SmartPlatform/board/common/Source/retarget.c.obj
LOAD CMakeFiles/waveshare.dir/E_/working/smartplatform/SmartPlatform/freertos/Source/croutine.c.obj
LOAD CMakeFiles/waveshare.dir/E_/working/smartplatform/SmartPlatform/freertos/Source/event_groups.c.obj
LOAD CMakeFiles/waveshare.dir/E_/working/smartplatform/SmartPlatform/freertos/Source/list.c.obj
LOAD CMakeFiles/waveshare.dir/E_/working/smartplatform/SmartPlatform/freertos/Source/queue.c.obj
LOAD CMakeFiles/waveshare.dir/E_/working/smartplatform/SmartPlatform/freertos/Source/tasks.c.obj
LOAD CMakeFiles/waveshare.dir/E_/working/smartplatform/SmartPlatform/freertos/Source/timers.c.obj
LOAD CMakeFiles/waveshare.dir/E_/working/smartplatform/SmartPlatform/freertos/Source/portable/Common/heap_3.c.obj
LOAD CMakeFiles/waveshare.dir/E_/working/smartplatform/SmartPlatform/freertos/Source/portable/ARM_CM4F/port.c.obj
LOAD CMakeFiles/waveshare.dir/E_/working/smartplatform/SmartPlatform/platform/Source/main.c.obj
LOAD CMakeFiles/waveshare.dir/E_/working/smartplatform/SmartPlatform/platform/Source/network.c.obj
LOAD CMakeFiles/waveshare.dir/E_/working/smartplatform/SmartPlatform/platform/Source/system.c.obj
LOAD CMakeFiles/waveshare.dir/E_/working/smartplatform/SmartPlatform/platform/Source/test.c.obj
START GROUP
LOAD c:/gnu_tools_arm_embedded/6_2017_q2_update/bin/../lib/gcc/arm-none-eabi/6.3.1/thumb/v7e-m/fpv4-sp/hard\libgcc.a
LOAD c:/gnu_tools_arm_embedded/6_2017_q2_update/bin/../lib/gcc/arm-none-eabi/6.3.1/../../../../arm-none-eabi/lib/thumb/v7e-m/fpv4-sp/hard\libg_nano.a
LOAD c:/gnu_tools_arm_embedded/6_2017_q2_update/bin/../lib/gcc/arm-none-eabi/6.3.1/../../../../arm-none-eabi/lib/thumb/v7e-m/fpv4-sp/hard\libc_nano.a
END GROUP
START GROUP
LOAD c:/gnu_tools_arm_embedded/6_2017_q2_update/bin/../lib/gcc/arm-none-eabi/6.3.1/thumb/v7e-m/fpv4-sp/hard\libgcc.a
LOAD c:/gnu_tools_arm_embedded/6_2017_q2_update/bin/../lib/gcc/arm-none-eabi/6.3.1/../../../../arm-none-eabi/lib/thumb/v7e-m/fpv4-sp/hard\libc_nano.a
LOAD c:/gnu_tools_arm_embedded/6_2017_q2_update/bin/../lib/gcc/arm-none-eabi/6.3.1/../../../../arm-none-eabi/lib/thumb/v7e-m/fpv4-sp/hard\libnosys.a
END GROUP
START GROUP
LOAD c:/gnu_tools_arm_embedded/6_2017_q2_update/bin/../lib/gcc/arm-none-eabi/6.3.1/thumb/v7e-m/fpv4-sp/hard\libgcc.a
LOAD c:/gnu_tools_arm_embedded/6_2017_q2_update/bin/../lib/gcc/arm-none-eabi/6.3.1/../../../../arm-none-eabi/lib/thumb/v7e-m/fpv4-sp/hard\libc_nano.a
LOAD c:/gnu_tools_arm_embedded/6_2017_q2_update/bin/../lib/gcc/arm-none-eabi/6.3.1/../../../../arm-none-eabi/lib/thumb/v7e-m/fpv4-sp/hard\libnosys.a
END GROUP
LOAD c:/gnu_tools_arm_embedded/6_2017_q2_update/bin/../lib/gcc/arm-none-eabi/6.3.1/thumb/v7e-m/fpv4-sp/hard/crtend.o
LOAD c:/gnu_tools_arm_embedded/6_2017_q2_update/bin/../lib/gcc/arm-none-eabi/6.3.1/thumb/v7e-m/fpv4-sp/hard/crtn.o
                0x00000800                __Main_Stack_Size = 0x800
                0x20020000                __stack = (ORIGIN (RAM) + LENGTH (RAM))
                0x20020000                _estack = __stack
                [!provide]                PROVIDE (_Main_Stack_Size, __Main_Stack_Size)
                0x2001f800                __Main_Stack_Limit = (__stack - __Main_Stack_Size)
                0x2001f800                PROVIDE (_Main_Stack_Limit, __Main_Stack_Limit)

isr_vector      0x08000000      0x188
                0x08000000                . = ALIGN (0x4)
                0x08000000                _isr_vector = .
 *(.isr_vector)
 .isr_vector    0x08000000      0x188 CMakeFiles/waveshare.dir/E_/working/smartplatform/SmartPlatform/arch/CMSIS/Device/STM32F4xx/Source/startup_stm32f407xx.s.obj
                0x08000000                g_pfnVectors

.text           0x08000190     0x3c52
                0x08000190                . = ALIGN (0x4)
 *(.after_vectors .after_vectors.*)
                0x08000190                . = ALIGN (0x4)
 *(.init)
 .init          0x08000190        0x4 c:/gnu_tools_arm_embedded/6_2017_q2_update/bin/../lib/gcc/arm-none-eabi/6.3.1/thumb/v7e-m/fpv4-sp/hard/crti.o
                0x08000190                _init
 .init          0x08000194        0x8 c:/gnu_tools_arm_embedded/6_2017_q2_update/bin/../lib/gcc/arm-none-eabi/6.3.1/thumb/v7e-m/fpv4-sp/hard/crtn.o
 *(.fini)
 .fini          0x0800019c        0x4 c:/gnu_tools_arm_embedded/6_2017_q2_update/bin/../lib/gcc/arm-none-eabi/6.3.1/thumb/v7e-m/fpv4-sp/hard/crti.o
                0x0800019c                _fini
 .fini          0x080001a0        0x8 c:/gnu_tools_arm_embedded/6_2017_q2_update/bin/../lib/gcc/arm-none-eabi/6.3.1/thumb/v7e-m/fpv4-sp/hard/crtn.o
                0x080001a8                . = ALIGN (0x4)
                0x080001a8                PROVIDE (__preinit_array_start, .)
 *(.preinit_array_sysinit .preinit_array_sysinit.*)
 *(.preinit_array_platform .preinit_array_platform.*)
 *(.preinit_array .preinit_array.*)
                0x080001a8                PROVIDE (__preinit_array_end, .)
                0x080001a8                . = ALIGN (0x4)
                0x080001a8                PROVIDE (__device_list_begin, .)
 *(.device)
 .device        0x080001a8        0xc R:\Temp\ccmYPC50.ltrans0.ltrans.o
                0x080001b4                PROVIDE (__device_list_end, .)
                0x080001b4                . = ALIGN (0x4)
                0x080001b4                PROVIDE (__module_list_begin, .)
 *(.module)
 .module        0x080001b4        0x8 R:\Temp\ccmYPC50.ltrans0.ltrans.o
                0x080001bc                PROVIDE (__module_list_end, .)
                0x080001bc                . = ALIGN (0x4)
                0x080001bc                PROVIDE (__init_array_start, .)
 *(SORT(.init_array.*))
 *(.init_array)
 .init_array    0x080001bc        0x4 c:/gnu_tools_arm_embedded/6_2017_q2_update/bin/../lib/gcc/arm-none-eabi/6.3.1/thumb/v7e-m/fpv4-sp/hard/crtbegin.o
                0x080001c0                PROVIDE (__init_array_end, .)
                0x080001c0                . = ALIGN (0x4)
                [!provide]                PROVIDE (__fini_array_start, .)
 *(SORT(.fini_array.*))
 *(.fini_array)
 .fini_array    0x080001c0        0x4 c:/gnu_tools_arm_embedded/6_2017_q2_update/bin/../lib/gcc/arm-none-eabi/6.3.1/thumb/v7e-m/fpv4-sp/hard/crtbegin.o
                [!provide]                PROVIDE (__fini_array_end, .)
                0x080001c4                . = ALIGN (0x4)
                0x080001c4                . = ALIGN (0x4)
 *(.text*)
 .text          0x080001c4       0x6c c:/gnu_tools_arm_embedded/6_2017_q2_update/bin/../lib/gcc/arm-none-eabi/6.3.1/thumb/v7e-m/fpv4-sp/hard/crtbegin.o
 .text          0x08000230       0x74 c:/gnu_tools_arm_embedded/6_2017_q2_update/bin/../lib/gcc/arm-none-eabi/6.3.1/../../../../arm-none-eabi/lib/thumb/v7e-m/fpv4-sp/hard/crt0.o
                0x08000230                _start
                0x08000230                _mainCRTStartup
 .text.UART_DMATxHalfCplt.lto_priv.108
                0x080002a4        0x2 R:\Temp\ccmYPC50.ltrans0.ltrans.o
                0x080002a4                UART_DMATxHalfCplt.lto_priv.108
 .text.UART_DMARxHalfCplt
                0x080002a6        0x2 R:\Temp\ccmYPC50.ltrans0.ltrans.o
                0x080002a6                UART_DMARxHalfCplt.lto_priv.105
 .text.HAL_GPIO_Init
                0x080002a8      0x1c0 R:\Temp\ccmYPC50.ltrans0.ltrans.o
 .text.UART_DMAAbortOnError.lto_priv.103
                0x08000468        0xc R:\Temp\ccmYPC50.ltrans0.ltrans.o
                0x08000468                UART_DMAAbortOnError.lto_priv.103
 .text.UART_DMAError.lto_priv.106
                0x08000474       0x58 R:\Temp\ccmYPC50.ltrans0.ltrans.o
                0x08000474                UART_DMAError.lto_priv.106
 .text.UART_DMAReceiveCplt.lto_priv.104
                0x080004cc       0x32 R:\Temp\ccmYPC50.ltrans0.ltrans.o
                0x080004cc                UART_DMAReceiveCplt.lto_priv.104
 .text.UART_DMATransmitCplt.lto_priv.107
                0x080004fe       0x26 R:\Temp\ccmYPC50.ltrans0.ltrans.o
                0x080004fe                UART_DMATransmitCplt.lto_priv.107
 .text.HAL_RCC_GetPCLK2Freq
                0x08000524       0x30 R:\Temp\ccmYPC50.ltrans0.ltrans.o
 .text.HAL_RCC_GetPCLK1Freq
                0x08000554       0x30 R:\Temp\ccmYPC50.ltrans0.ltrans.o
 .text.SystemInit
                0x08000584       0x4c R:\Temp\ccmYPC50.ltrans0.ltrans.o
                0x08000584                SystemInit
 .text.DMA_CalcBaseAndBitshift.lto_priv.70
                0x080005d0       0x2c R:\Temp\ccmYPC50.ltrans0.ltrans.o
                0x080005d0                DMA_CalcBaseAndBitshift.lto_priv.70
 .text.HAL_DMA_IRQHandler
                0x080005fc      0x17c R:\Temp\ccmYPC50.ltrans0.ltrans.o
                0x080005fc                HAL_DMA_IRQHandler
 .text.HAL_DMA_Start_IT
                0x08000778       0x7c R:\Temp\ccmYPC50.ltrans0.ltrans.o
                0x08000778                HAL_DMA_Start_IT
 .text.HAL_DMA_DeInit
                0x080007f4       0x48 R:\Temp\ccmYPC50.ltrans0.ltrans.o
                0x080007f4                HAL_DMA_DeInit
 .text.HAL_NVIC_SetPriority
                0x0800083c       0x68 R:\Temp\ccmYPC50.ltrans0.ltrans.o
                0x0800083c                HAL_NVIC_SetPriority
 .text.AiThinkerA7_open
                0x080008a4      0x428 R:\Temp\ccmYPC50.ltrans0.ltrans.o
 .text.prvCopyDataToQueue.constprop.20
                0x08000ccc       0xac R:\Temp\ccmYPC50.ltrans1.ltrans.o
 .text.HAL_InitTick.constprop.68
                0x08000d78       0x48 R:\Temp\ccmYPC50.ltrans1.ltrans.o
                0x08000d78                HAL_InitTick.constprop.68
 .text.HAL_DMA_Init.constprop.61
                0x08000dc0       0xfc R:\Temp\ccmYPC50.ltrans1.ltrans.o
                0x08000dc0                HAL_DMA_Init.constprop.61
 .text.HAL_GPIO_DeInit.constprop.59
                0x08000ebc       0xb8 R:\Temp\ccmYPC50.ltrans1.ltrans.o
                0x08000ebc                HAL_GPIO_DeInit.constprop.59
 .text.vTaskNotifyGiveFromISR.constprop.42
                0x08000f74       0x90 R:\Temp\ccmYPC50.ltrans1.ltrans.o
                0x08000f74                vTaskNotifyGiveFromISR.constprop.42
 .text.HAL_UART_TxCpltCallback.constprop.41
                0x08001004        0xc R:\Temp\ccmYPC50.ltrans1.ltrans.o
                0x08001004                HAL_UART_TxCpltCallback.constprop.41
 .text.HAL_UART_ErrorCallback.constprop.39
                0x08001010       0x18 R:\Temp\ccmYPC50.ltrans1.ltrans.o
                0x08001010                HAL_UART_ErrorCallback.constprop.39
 .text.UART_Receive_IT.constprop.29
                0x08001028       0x8c R:\Temp\ccmYPC50.ltrans1.ltrans.o
                0x08001028                UART_Receive_IT.constprop.29
 .text.ulTaskNotifyTake.constprop.26
                0x080010b4       0x5c R:\Temp\ccmYPC50.ltrans1.ltrans.o
                0x080010b4                ulTaskNotifyTake.constprop.26
 .text.ioctl.constprop.25
                0x08001110       0x50 R:\Temp\ccmYPC50.ltrans1.ltrans.o
                0x08001110                ioctl.constprop.25
 .text.xEventGroupWaitBits.constprop.21
                0x08001160       0x98 R:\Temp\ccmYPC50.ltrans1.ltrans.o
                0x08001160                xEventGroupWaitBits.constprop.21
 .text.prvNotifyQueueSetContainer.constprop.19
                0x080011f8       0x48 R:\Temp\ccmYPC50.ltrans1.ltrans.o
                0x080011f8                prvNotifyQueueSetContainer.constprop.19
 .text.xQueueGenericReset.constprop.18
                0x08001240       0x42 R:\Temp\ccmYPC50.ltrans1.ltrans.o
                0x08001240                xQueueGenericReset.constprop.18
 *fill*         0x08001282        0x2 
 .text.xQueueGenericSend.constprop.15
                0x08001284      0x124 R:\Temp\ccmYPC50.ltrans1.ltrans.o
                0x08001284                xQueueGenericSend.constprop.15
 .text.xQueueGenericReceive.constprop.13
                0x080013a8      0x1dc R:\Temp\ccmYPC50.ltrans1.ltrans.o
                0x080013a8                xQueueGenericReceive.constprop.13
 .text.xTaskCreateStatic.constprop.8
                0x08001584      0x1b4 R:\Temp\ccmYPC50.ltrans1.ltrans.o
                0x08001584                xTaskCreateStatic.constprop.8
 .text.vPortEnableVFP
                0x08001738       0x14 R:\Temp\ccmYPC50.ltrans2.ltrans.o
 .text.prvPortStartFirstTask
                0x0800174c       0x20 R:\Temp\ccmYPC50.ltrans2.ltrans.o
 .text.prvTaskExitError.lto_priv.69
                0x0800176c       0x12 R:\Temp\ccmYPC50.ltrans2.ltrans.o
                0x0800176c                prvTaskExitError.lto_priv.69
 *fill*         0x0800177e        0x2 
 .text.SysTick_Handler
                0x08001780       0x2c R:\Temp\ccmYPC50.ltrans2.ltrans.o
                0x08001780                SysTick_Handler
 *fill*         0x080017ac        0x4 
 .text.PendSV_Handler
                0x080017b0       0x64 R:\Temp\ccmYPC50.ltrans2.ltrans.o
                0x080017b0                PendSV_Handler
 .text.vPortExitCritical
                0x08001814       0x14 R:\Temp\ccmYPC50.ltrans2.ltrans.o
                0x08001814                vPortExitCritical
 .text.vPortEnterCritical
                0x08001828       0x20 R:\Temp\ccmYPC50.ltrans2.ltrans.o
                0x08001828                vPortEnterCritical
 .text.startup.main
                0x08001848      0x4cc R:\Temp\ccmYPC50.ltrans2.ltrans.o
                0x08001848                main
 *fill*         0x08001d14        0xc 
 .text.SVC_Handler
                0x08001d20       0x24 R:\Temp\ccmYPC50.ltrans2.ltrans.o
                0x08001d20                SVC_Handler
 .text.prvSwitchTimerLists.lto_priv.95
                0x08001d44       0x58 R:\Temp\ccmYPC50.ltrans2.ltrans.o
                0x08001d44                prvSwitchTimerLists.lto_priv.95
 .text.prvInsertTimerInActiveList.lto_priv.94
                0x08001d9c       0x3c R:\Temp\ccmYPC50.ltrans2.ltrans.o
                0x08001d9c                prvInsertTimerInActiveList.lto_priv.94
 .text.trace_ioctl.lto_priv.92
                0x08001dd8        0x6 R:\Temp\ccmYPC50.ltrans3.ltrans.o
                0x08001dd8                trace_ioctl.lto_priv.92
 .text.AiThinkerA7_lseek.lto_priv.93
                0x08001dde        0x6 R:\Temp\ccmYPC50.ltrans3.ltrans.o
                0x08001dde                AiThinkerA7_lseek.lto_priv.93
 .text.trace_lseek
                0x08001de4        0x6 R:\Temp\ccmYPC50.ltrans3.ltrans.o
                0x08001de4                trace_lseek.lto_priv.124
 .text.trace_read.lto_priv.122
                0x08001dea        0x6 R:\Temp\ccmYPC50.ltrans3.ltrans.o
                0x08001dea                trace_read.lto_priv.122
 .text.trace_write.lto_priv.123
                0x08001df0       0x32 R:\Temp\ccmYPC50.ltrans3.ltrans.o
                0x08001df0                trace_write.lto_priv.123
 .text.trace_close.lto_priv.121
                0x08001e22       0x1e R:\Temp\ccmYPC50.ltrans3.ltrans.o
                0x08001e22                trace_close.lto_priv.121
 .text.trace_open.lto_priv.120
                0x08001e40       0x74 R:\Temp\ccmYPC50.ltrans3.ltrans.o
                0x08001e40                trace_open.lto_priv.120
 .text.W5300_read.lto_priv.116
                0x08001eb4       0x88 R:\Temp\ccmYPC50.ltrans3.ltrans.o
                0x08001eb4                W5300_read.lto_priv.116
 .text.W5300_write.lto_priv.117
                0x08001f3c       0x94 R:\Temp\ccmYPC50.ltrans3.ltrans.o
                0x08001f3c                W5300_write.lto_priv.117
 .text.AiThinkerA7_read.lto_priv.126
                0x08001fd0       0xd0 R:\Temp\ccmYPC50.ltrans3.ltrans.o
                0x08001fd0                AiThinkerA7_read.lto_priv.126
 .text.AiThinkerA7_write.lto_priv.127
                0x080020a0       0xbc R:\Temp\ccmYPC50.ltrans3.ltrans.o
                0x080020a0                AiThinkerA7_write.lto_priv.127
 .text.HAL_SRAM_DMA_XferCpltCallback
                0x0800215c        0xc R:\Temp\ccmYPC50.ltrans3.ltrans.o
 .text.HAL_SRAM_DMA_XferErrorCallback
                0x08002168       0x18 R:\Temp\ccmYPC50.ltrans3.ltrans.o
 .text.W5300_close.lto_priv.115
                0x08002180       0x60 R:\Temp\ccmYPC50.ltrans3.ltrans.o
                0x08002180                W5300_close.lto_priv.115
 .text.W5300_open.lto_priv.114
                0x080021e0      0x138 R:\Temp\ccmYPC50.ltrans3.ltrans.o
                0x080021e0                W5300_open.lto_priv.114
 .text.AiThinkerA7_ioctl.lto_priv.128
                0x08002318       0x28 R:\Temp\ccmYPC50.ltrans3.ltrans.o
                0x08002318                AiThinkerA7_ioctl.lto_priv.128
 .text.AiThinkerA7_close.lto_priv.125
                0x08002340       0x74 R:\Temp\ccmYPC50.ltrans3.ltrans.o
                0x08002340                AiThinkerA7_close.lto_priv.125
 .text.DMA2_Stream0_IRQHandler
                0x080023b4        0xc R:\Temp\ccmYPC50.ltrans3.ltrans.o
                0x080023b4                DMA2_Stream0_IRQHandler
 .text.USART2_IRQHandler
                0x080023c0      0x248 R:\Temp\ccmYPC50.ltrans3.ltrans.o
                0x080023c0                USART2_IRQHandler
 .text.DMA1_Stream6_IRQHandler
                0x08002608        0xc R:\Temp\ccmYPC50.ltrans3.ltrans.o
                0x08002608                DMA1_Stream6_IRQHandler
 .text.DMA1_Stream5_IRQHandler
                0x08002614        0xc R:\Temp\ccmYPC50.ltrans3.ltrans.o
                0x08002614                DMA1_Stream5_IRQHandler
 .text.prvIdleTask.lto_priv.80
                0x08002620       0x24 R:\Temp\ccmYPC50.ltrans4.ltrans.o
                0x08002620                prvIdleTask.lto_priv.80
 .text.W5300_ioctl
                0x08002644        0x6 R:\Temp\ccmYPC50.ltrans4.ltrans.o
                0x08002644                W5300_ioctl.lto_priv.119
 .text.W5300_lseek
                0x0800264a        0x6 R:\Temp\ccmYPC50.ltrans4.ltrans.o
                0x0800264a                W5300_lseek.lto_priv.118
 .text.xTaskNotifyStateClear
                0x08002650       0x30 R:\Temp\ccmYPC50.ltrans4.ltrans.o
                0x08002650                xTaskNotifyStateClear
 .text.prvResetNextTaskUnblockTime.lto_priv.79
                0x08002680       0x24 R:\Temp\ccmYPC50.ltrans4.ltrans.o
                0x08002680                prvResetNextTaskUnblockTime.lto_priv.79
 .text.xTaskCheckForTimeOut
                0x080026a4       0x50 R:\Temp\ccmYPC50.ltrans4.ltrans.o
                0x080026a4                xTaskCheckForTimeOut
 .text.vTaskSwitchContext
                0x080026f4       0x5c R:\Temp\ccmYPC50.ltrans4.ltrans.o
                0x080026f4                vTaskSwitchContext
 .text.vTaskSuspendAll
                0x08002750       0x10 R:\Temp\ccmYPC50.ltrans4.ltrans.o
                0x08002750                vTaskSuspendAll
 .text.uxListRemove
                0x08002760       0x20 R:\Temp\ccmYPC50.ltrans4.ltrans.o
                0x08002760                uxListRemove
 .text.vListInsert
                0x08002780       0x2e R:\Temp\ccmYPC50.ltrans4.ltrans.o
                0x08002780                vListInsert
 .text.vListInsertEnd
                0x080027ae       0x18 R:\Temp\ccmYPC50.ltrans4.ltrans.o
                0x080027ae                vListInsertEnd
 *fill*         0x080027c6        0x2 
 .text.prvAddCurrentTaskToDelayedList.lto_priv.71
                0x080027c8       0x8c R:\Temp\ccmYPC50.ltrans4.ltrans.o
                0x080027c8                prvAddCurrentTaskToDelayedList.lto_priv.71
 .text.xTaskRemoveFromEventList
                0x08002854       0x70 R:\Temp\ccmYPC50.ltrans4.ltrans.o
                0x08002854                xTaskRemoveFromEventList
 .text.prvUnlockQueue.lto_priv.72
                0x080028c4       0x8c R:\Temp\ccmYPC50.ltrans4.ltrans.o
                0x080028c4                prvUnlockQueue.lto_priv.72
 .text.xTaskIncrementTick
                0x08002950      0x128 R:\Temp\ccmYPC50.ltrans4.ltrans.o
                0x08002950                xTaskIncrementTick
 .text.xTaskResumeAll
                0x08002a78       0xd8 R:\Temp\ccmYPC50.ltrans4.ltrans.o
                0x08002a78                xTaskResumeAll
 .text.prvTimerTask.lto_priv.83
                0x08002b50      0x1dc R:\Temp\ccmYPC50.ltrans4.ltrans.o
                0x08002b50                prvTimerTask.lto_priv.83
 .text.vTaskDelay
                0x08002d2c       0x30 R:\Temp\ccmYPC50.ltrans4.ltrans.o
                0x08002d2c                vTaskDelay
 .text.vListInitialise
                0x08002d5c       0x16 R:\Temp\ccmYPC50.ltrans4.ltrans.o
                0x08002d5c                vListInitialise
 *fill*         0x08002d72        0x2 
 .text.xEventGroupSetBits
                0x08002d74       0xb4 R:\Temp\ccmYPC50.ltrans4.ltrans.o
                0x08002d74                xEventGroupSetBits
 .text._sbrk    0x08002e28       0x3c R:\Temp\ccmYPC50.ltrans4.ltrans.o
                0x08002e28                _sbrk
 .text._write   0x08002e64       0x40 R:\Temp\ccmYPC50.ltrans4.ltrans.o
                0x08002e64                _write
 .text._read    0x08002ea4       0x40 R:\Temp\ccmYPC50.ltrans4.ltrans.o
                0x08002ea4                _read
 .text.PlatformTestInit.lto_priv.111
                0x08002ee4        0x2 R:\Temp\ccmYPC50.ltrans5.ltrans.o
                0x08002ee4                PlatformTestInit.lto_priv.111
 *fill*         0x08002ee6        0x2 
 .text.PlatformNetworkInit.lto_priv.113
                0x08002ee8       0x58 R:\Temp\ccmYPC50.ltrans5.ltrans.o
                0x08002ee8                PlatformNetworkInit.lto_priv.113
 .text.PlatformNetworkTask.lto_priv.112
                0x08002f40      0x240 R:\Temp\ccmYPC50.ltrans5.ltrans.o
                0x08002f40                PlatformNetworkTask.lto_priv.112
 .text.xTimerGenericCommand.constprop.4
                0x08003180       0x3c R:\Temp\ccmYPC50.ltrans5.ltrans.o
                0x08003180                xTimerGenericCommand.constprop.4
 .text.PlatformTestTask.lto_priv.110
                0x080031bc      0x158 R:\Temp\ccmYPC50.ltrans5.ltrans.o
                0x080031bc                PlatformTestTask.lto_priv.110
 .text.Reset_Handler
                0x08003314       0x50 CMakeFiles/waveshare.dir/E_/working/smartplatform/SmartPlatform/arch/CMSIS/Device/STM32F4xx/Source/startup_stm32f407xx.s.obj
                0x08003314                Reset_Handler
 .text.Default_Handler
                0x08003364        0x2 CMakeFiles/waveshare.dir/E_/working/smartplatform/SmartPlatform/arch/CMSIS/Device/STM32F4xx/Source/startup_stm32f407xx.s.obj
                0x08003364                RTC_Alarm_IRQHandler
                0x08003364                HASH_RNG_IRQHandler
                0x08003364                EXTI2_IRQHandler
                0x08003364                TIM8_CC_IRQHandler
                0x08003364                DebugMon_Handler
                0x08003364                TIM1_CC_IRQHandler
                0x08003364                DMA2_Stream5_IRQHandler
                0x08003364                HardFault_Handler
                0x08003364                PVD_IRQHandler
                0x08003364                SDIO_IRQHandler
                0x08003364                TAMP_STAMP_IRQHandler
                0x08003364                NMI_Handler
                0x08003364                CAN2_RX1_IRQHandler
                0x08003364                EXTI3_IRQHandler
                0x08003364                TIM8_TRG_COM_TIM14_IRQHandler
                0x08003364                TIM1_UP_TIM10_IRQHandler
                0x08003364                TIM8_UP_TIM13_IRQHandler
                0x08003364                I2C3_ER_IRQHandler
                0x08003364                EXTI0_IRQHandler
                0x08003364                I2C2_EV_IRQHandler
                0x08003364                DMA1_Stream2_IRQHandler
                0x08003364                CAN1_RX0_IRQHandler
                0x08003364                FPU_IRQHandler
                0x08003364                OTG_HS_WKUP_IRQHandler
                0x08003364                UsageFault_Handler
                0x08003364                CAN2_SCE_IRQHandler
                0x08003364                DMA2_Stream2_IRQHandler
                0x08003364                SPI1_IRQHandler
                0x08003364                TIM6_DAC_IRQHandler
                0x08003364                TIM1_BRK_TIM9_IRQHandler
                0x08003364                DCMI_IRQHandler
                0x08003364                CAN2_RX0_IRQHandler
                0x08003364                DMA2_Stream3_IRQHandler
                0x08003364                USART6_IRQHandler
                0x08003364                USART3_IRQHandler
                0x08003364                CAN1_RX1_IRQHandler
                0x08003364                UART5_IRQHandler
                0x08003364                TIM4_IRQHandler
                0x08003364                I2C1_EV_IRQHandler
                0x08003364                DMA1_Stream1_IRQHandler
                0x08003364                UART4_IRQHandler
                0x08003364                TIM3_IRQHandler
                0x08003364                RCC_IRQHandler
                0x08003364                TIM8_BRK_TIM12_IRQHandler
                0x08003364                Default_Handler
                0x08003364                EXTI15_10_IRQHandler
                0x08003364                ADC_IRQHandler
                0x08003364                DMA1_Stream7_IRQHandler
                0x08003364                TIM7_IRQHandler
                0x08003364                CAN2_TX_IRQHandler
                0x08003364                TIM5_IRQHandler
                0x08003364                DMA2_Stream7_IRQHandler
                0x08003364                I2C3_EV_IRQHandler
                0x08003364                EXTI9_5_IRQHandler
                0x08003364                RTC_WKUP_IRQHandler
                0x08003364                ETH_WKUP_IRQHandler
                0x08003364                SPI2_IRQHandler
                0x08003364                OTG_HS_EP1_IN_IRQHandler
                0x08003364                MemManage_Handler
                0x08003364                DMA1_Stream0_IRQHandler
                0x08003364                CAN1_TX_IRQHandler
                0x08003364                EXTI4_IRQHandler
                0x08003364                FSMC_IRQHandler
                0x08003364                ETH_IRQHandler
                0x08003364                OTG_HS_EP1_OUT_IRQHandler
                0x08003364                WWDG_IRQHandler
                0x08003364                TIM2_IRQHandler
                0x08003364                OTG_FS_WKUP_IRQHandler
                0x08003364                TIM1_TRG_COM_TIM11_IRQHandler
                0x08003364                OTG_HS_IRQHandler
                0x08003364                EXTI1_IRQHandler
                0x08003364                I2C2_ER_IRQHandler
                0x08003364                DMA2_Stream1_IRQHandler
                0x08003364                CAN1_SCE_IRQHandler
                0x08003364                FLASH_IRQHandler
                0x08003364                DMA2_Stream4_IRQHandler
                0x08003364                BusFault_Handler
                0x08003364                USART1_IRQHandler
                0x08003364                OTG_FS_IRQHandler
                0x08003364                SPI3_IRQHandler
                0x08003364                DMA1_Stream4_IRQHandler
                0x08003364                I2C1_ER_IRQHandler
                0x08003364                DMA2_Stream6_IRQHandler
                0x08003364                DMA1_Stream3_IRQHandler
 *fill*         0x08003366        0x2 
 .text.__errno  0x08003368        0xc c:/gnu_tools_arm_embedded/6_2017_q2_update/bin/../lib/gcc/arm-none-eabi/6.3.1/../../../../arm-none-eabi/lib/thumb/v7e-m/fpv4-sp/hard\libg_nano.a(lib_a-errno.o)
                0x08003368                __errno
 .text.exit     0x08003374       0x28 c:/gnu_tools_arm_embedded/6_2017_q2_update/bin/../lib/gcc/arm-none-eabi/6.3.1/../../../../arm-none-eabi/lib/thumb/v7e-m/fpv4-sp/hard\libg_nano.a(lib_a-exit.o)
                0x08003374                exit
 .text.__libc_init_array
                0x0800339c       0x48 c:/gnu_tools_arm_embedded/6_2017_q2_update/bin/../lib/gcc/arm-none-eabi/6.3.1/../../../../arm-none-eabi/lib/thumb/v7e-m/fpv4-sp/hard\libg_nano.a(lib_a-init.o)
                0x0800339c                __libc_init_array
 .text.memset   0x080033e4       0x10 c:/gnu_tools_arm_embedded/6_2017_q2_update/bin/../lib/gcc/arm-none-eabi/6.3.1/../../../../arm-none-eabi/lib/thumb/v7e-m/fpv4-sp/hard\libg_nano.a(lib_a-memset.o)
                0x080033e4                memset
 .text.read     0x080033f4       0x14 c:/gnu_tools_arm_embedded/6_2017_q2_update/bin/../lib/gcc/arm-none-eabi/6.3.1/../../../../arm-none-eabi/lib/thumb/v7e-m/fpv4-sp/hard\libg_nano.a(lib_a-sysread.o)
                0x080033f4                read
 .text.write    0x08003408       0x14 c:/gnu_tools_arm_embedded/6_2017_q2_update/bin/../lib/gcc/arm-none-eabi/6.3.1/../../../../arm-none-eabi/lib/thumb/v7e-m/fpv4-sp/hard\libg_nano.a(lib_a-syswrite.o)
                0x08003408                write
 .text._write_r
                0x0800341c       0x24 c:/gnu_tools_arm_embedded/6_2017_q2_update/bin/../lib/gcc/arm-none-eabi/6.3.1/../../../../arm-none-eabi/lib/thumb/v7e-m/fpv4-sp/hard\libg_nano.a(lib_a-writer.o)
                0x0800341c                _write_r
 .text._read_r  0x08003440       0x24 c:/gnu_tools_arm_embedded/6_2017_q2_update/bin/../lib/gcc/arm-none-eabi/6.3.1/../../../../arm-none-eabi/lib/thumb/v7e-m/fpv4-sp/hard\libg_nano.a(lib_a-readr.o)
                0x08003440                _read_r
 .text._free_r  0x08003464       0x9c c:/gnu_tools_arm_embedded/6_2017_q2_update/bin/../lib/gcc/arm-none-eabi/6.3.1/../../../../arm-none-eabi/lib/thumb/v7e-m/fpv4-sp/hard\libg_nano.a(lib_a-nano-freer.o)
                0x08003464                _free_r
 .text._malloc_r
                0x08003500       0xbc c:/gnu_tools_arm_embedded/6_2017_q2_update/bin/../lib/gcc/arm-none-eabi/6.3.1/../../../../arm-none-eabi/lib/thumb/v7e-m/fpv4-sp/hard\libg_nano.a(lib_a-nano-mallocr.o)
                0x08003500                _malloc_r
 .text._sbrk_r  0x080035bc       0x20 c:/gnu_tools_arm_embedded/6_2017_q2_update/bin/../lib/gcc/arm-none-eabi/6.3.1/../../../../arm-none-eabi/lib/thumb/v7e-m/fpv4-sp/hard\libg_nano.a(lib_a-sbrkr.o)
                0x080035bc                _sbrk_r
 .text.__malloc_lock
                0x080035dc        0x2 c:/gnu_tools_arm_embedded/6_2017_q2_update/bin/../lib/gcc/arm-none-eabi/6.3.1/../../../../arm-none-eabi/lib/thumb/v7e-m/fpv4-sp/hard\libg_nano.a(lib_a-mlock.o)
                0x080035dc                __malloc_lock
 .text.__malloc_unlock
                0x080035de        0x2 c:/gnu_tools_arm_embedded/6_2017_q2_update/bin/../lib/gcc/arm-none-eabi/6.3.1/../../../../arm-none-eabi/lib/thumb/v7e-m/fpv4-sp/hard\libg_nano.a(lib_a-mlock.o)
                0x080035de                __malloc_unlock
 .text._exit    0x080035e0        0x4 c:/gnu_tools_arm_embedded/6_2017_q2_update/bin/../lib/gcc/arm-none-eabi/6.3.1/../../../../arm-none-eabi/lib/thumb/v7e-m/fpv4-sp/hard\libnosys.a(_exit.o)
                0x080035e0                _exit
 .text.free     0x080035e4       0x10 c:/gnu_tools_arm_embedded/6_2017_q2_update/bin/../lib/gcc/arm-none-eabi/6.3.1/../../../../arm-none-eabi/lib/thumb/v7e-m/fpv4-sp/hard\libg_nano.a(lib_a-malloc.o)
                0x080035e4                free
 .text.memcpy   0x080035f4       0x16 c:/gnu_tools_arm_embedded/6_2017_q2_update/bin/../lib/gcc/arm-none-eabi/6.3.1/../../../../arm-none-eabi/lib/thumb/v7e-m/fpv4-sp/hard\libg_nano.a(lib_a-memcpy-stub.o)
                0x080035f4                memcpy
 *fill*         0x0800360a        0x2 
 .text.snprintf
                0x0800360c       0x68 c:/gnu_tools_arm_embedded/6_2017_q2_update/bin/../lib/gcc/arm-none-eabi/6.3.1/../../../../arm-none-eabi/lib/thumb/v7e-m/fpv4-sp/hard\libg_nano.a(lib_a-snprintf.o)
                0x0800360c                sniprintf
                0x0800360c                snprintf
 .text.strchr   0x08003674       0x1c c:/gnu_tools_arm_embedded/6_2017_q2_update/bin/../lib/gcc/arm-none-eabi/6.3.1/../../../../arm-none-eabi/lib/thumb/v7e-m/fpv4-sp/hard\libg_nano.a(lib_a-strchr.o)
                0x08003674                strchr
 .text.strcpy   0x08003690       0x10 c:/gnu_tools_arm_embedded/6_2017_q2_update/bin/../lib/gcc/arm-none-eabi/6.3.1/../../../../arm-none-eabi/lib/thumb/v7e-m/fpv4-sp/hard\libg_nano.a(lib_a-strcpy.o)
                0x08003690                strcpy
 .text          0x080036a0       0x10 c:/gnu_tools_arm_embedded/6_2017_q2_update/bin/../lib/gcc/arm-none-eabi/6.3.1/../../../../arm-none-eabi/lib/thumb/v7e-m/fpv4-sp/hard\libg_nano.a(lib_a-strlen.o)
                0x080036a0                strlen
 .text.strstr   0x080036b0       0x36 c:/gnu_tools_arm_embedded/6_2017_q2_update/bin/../lib/gcc/arm-none-eabi/6.3.1/../../../../arm-none-eabi/lib/thumb/v7e-m/fpv4-sp/hard\libg_nano.a(lib_a-strstr.o)
                0x080036b0                strstr
 .text.__ssputs_r
                0x080036e6       0xb6 c:/gnu_tools_arm_embedded/6_2017_q2_update/bin/../lib/gcc/arm-none-eabi/6.3.1/../../../../arm-none-eabi/lib/thumb/v7e-m/fpv4-sp/hard\libg_nano.a(lib_a-nano-svfprintf.o)
                0x080036e6                __ssputs_r
 .text._svfprintf_r
                0x0800379c      0x1e8 c:/gnu_tools_arm_embedded/6_2017_q2_update/bin/../lib/gcc/arm-none-eabi/6.3.1/../../../../arm-none-eabi/lib/thumb/v7e-m/fpv4-sp/hard\libg_nano.a(lib_a-nano-svfprintf.o)
                0x0800379c                _svfiprintf_r
                0x0800379c                _svfprintf_r
 .text._printf_common
                0x08003984       0xec c:/gnu_tools_arm_embedded/6_2017_q2_update/bin/../lib/gcc/arm-none-eabi/6.3.1/../../../../arm-none-eabi/lib/thumb/v7e-m/fpv4-sp/hard\libg_nano.a(lib_a-nano-vfprintf_i.o)
                0x08003984                _printf_common
 .text._printf_i
                0x08003a70      0x240 c:/gnu_tools_arm_embedded/6_2017_q2_update/bin/../lib/gcc/arm-none-eabi/6.3.1/../../../../arm-none-eabi/lib/thumb/v7e-m/fpv4-sp/hard\libg_nano.a(lib_a-nano-vfprintf_i.o)
                0x08003a70                _printf_i
 .text          0x08003cb0       0xa0 c:/gnu_tools_arm_embedded/6_2017_q2_update/bin/../lib/gcc/arm-none-eabi/6.3.1/../../../../arm-none-eabi/lib/thumb/v7e-m/fpv4-sp/hard\libg_nano.a(lib_a-memchr.o)
                0x08003cb0                memchr
 .text.memmove  0x08003d50       0x34 c:/gnu_tools_arm_embedded/6_2017_q2_update/bin/../lib/gcc/arm-none-eabi/6.3.1/../../../../arm-none-eabi/lib/thumb/v7e-m/fpv4-sp/hard\libg_nano.a(lib_a-memmove.o)
                0x08003d50                memmove
 .text._realloc_r
                0x08003d84       0x4c c:/gnu_tools_arm_embedded/6_2017_q2_update/bin/../lib/gcc/arm-none-eabi/6.3.1/../../../../arm-none-eabi/lib/thumb/v7e-m/fpv4-sp/hard\libg_nano.a(lib_a-nano-reallocr.o)
                0x08003d84                _realloc_r
 .text._malloc_usable_size_r
                0x08003dd0       0x12 c:/gnu_tools_arm_embedded/6_2017_q2_update/bin/../lib/gcc/arm-none-eabi/6.3.1/../../../../arm-none-eabi/lib/thumb/v7e-m/fpv4-sp/hard\libg_nano.a(lib_a-nano-msizer.o)
                0x08003dd0                _malloc_usable_size_r
 *(vtable)

.vfp11_veneer   0x08003de4        0x0
 .vfp11_veneer  0x08003de4        0x0 linker stubs

.v4_bx          0x08003de4        0x0
 .v4_bx         0x08003de4        0x0 linker stubs

.iplt           0x08003de4        0x0
 .iplt          0x08003de4        0x0 c:/gnu_tools_arm_embedded/6_2017_q2_update/bin/../lib/gcc/arm-none-eabi/6.3.1/thumb/v7e-m/fpv4-sp/hard/crtbegin.o

.glue           0x08003de4        0x4
 *(.eh_frame*)
 .eh_frame      0x08003de4        0x0 c:/gnu_tools_arm_embedded/6_2017_q2_update/bin/../lib/gcc/arm-none-eabi/6.3.1/thumb/v7e-m/fpv4-sp/hard/crtbegin.o
 .eh_frame      0x08003de4        0x4 c:/gnu_tools_arm_embedded/6_2017_q2_update/bin/../lib/gcc/arm-none-eabi/6.3.1/thumb/v7e-m/fpv4-sp/hard/crtend.o
 *(.glue_7)
 .glue_7        0x08003de8        0x0 linker stubs
 *(.glue_7t)
 .glue_7t       0x08003de8        0x0 linker stubs

.ARM.extab
 *(.ARM.extab* .gnu.linkonce.armextab.*)
                0x08003de8                __exidx_start = .

.ARM.exidx      0x08003de8        0x8
 *(.ARM.exidx* .gnu.linkonce.armexidx.*)
 .ARM.exidx     0x08003de8        0x8 c:/gnu_tools_arm_embedded/6_2017_q2_update/bin/../lib/gcc/arm-none-eabi/6.3.1/../../../../arm-none-eabi/lib/thumb/v7e-m/fpv4-sp/hard/crt0.o
                0x08003df0                __exidx_end = .

.rodata         0x08003df0      0x1a3
 *(.rodata*)
 .rodata.APBPrescTable
                0x08003df0        0x8 R:\Temp\ccmYPC50.ltrans0.ltrans.o
 .rodata.flagBitshiftOffset.9869
                0x08003df8        0x8 R:\Temp\ccmYPC50.ltrans0.ltrans.o
 .rodata.str1.1
                0x08003e00        0xd R:\Temp\ccmYPC50.ltrans0.ltrans.o
 .rodata.AHBPrescTable
                0x08003e0d       0x10 R:\Temp\ccmYPC50.ltrans2.ltrans.o
 .rodata.main.str1.1
                0x08003e1d       0x1f R:\Temp\ccmYPC50.ltrans2.ltrans.o
 .rodata.PlatformNetworkTask.lto_priv.112.str1.1
                0x08003e3c       0x49 R:\Temp\ccmYPC50.ltrans5.ltrans.o
                                 0x4c (size before relaxing)
 .rodata.PlatformTestTask.lto_priv.110.str1.1
                0x08003e85       0x1e R:\Temp\ccmYPC50.ltrans5.ltrans.o
 *fill*         0x08003ea3        0x1 
 .rodata.dials  0x08003ea4       0x30 R:\Temp\ccmYPC50.ltrans5.ltrans.o
 .rodata.str1.1
                0x08003ed4       0x87 R:\Temp\ccmYPC50.ltrans5.ltrans.o
 *fill*         0x08003f5b        0x1 
 .rodata._global_impure_ptr
                0x08003f5c        0x4 c:/gnu_tools_arm_embedded/6_2017_q2_update/bin/../lib/gcc/arm-none-eabi/6.3.1/../../../../arm-none-eabi/lib/thumb/v7e-m/fpv4-sp/hard\libg_nano.a(lib_a-impure.o)
                0x08003f5c                _global_impure_ptr
 .rodata._svfprintf_r.str1.1
                0x08003f60       0x11 c:/gnu_tools_arm_embedded/6_2017_q2_update/bin/../lib/gcc/arm-none-eabi/6.3.1/../../../../arm-none-eabi/lib/thumb/v7e-m/fpv4-sp/hard\libg_nano.a(lib_a-nano-svfprintf.o)
 .rodata._printf_i.str1.1
                0x08003f71       0x22 c:/gnu_tools_arm_embedded/6_2017_q2_update/bin/../lib/gcc/arm-none-eabi/6.3.1/../../../../arm-none-eabi/lib/thumb/v7e-m/fpv4-sp/hard\libg_nano.a(lib_a-nano-vfprintf_i.o)

.rel.dyn        0x08003f94        0x0
 .rel.iplt      0x08003f94        0x0 c:/gnu_tools_arm_embedded/6_2017_q2_update/bin/../lib/gcc/arm-none-eabi/6.3.1/thumb/v7e-m/fpv4-sp/hard/crtbegin.o
                0x08003f94                . = ALIGN (0x4)
                0x08003f94                _etext = .
                0x08003f94                _sidata = _etext

.data           0x20000000      0x15c load address 0x08003f94
                0x20000000                . = ALIGN (0x4)
                0x20000000                _sdata = .
                0x20000000                __data_start__ = .
 *(.data_begin .data_begin.*)
 *(.data .data.*)
 .data.AiThinkerA7
                0x20000000       0x1c R:\Temp\ccmYPC50.ltrans0.ltrans.o
 .data.Network_Module
                0x2000001c       0x1c R:\Temp\ccmYPC50.ltrans0.ltrans.o
 .data.Test_Module
                0x20000038       0x1c R:\Temp\ccmYPC50.ltrans0.ltrans.o
 .data.W5300    0x20000054       0x1c R:\Temp\ccmYPC50.ltrans0.ltrans.o
 .data.trace    0x20000070       0x1c R:\Temp\ccmYPC50.ltrans0.ltrans.o
 .data.SystemCoreClock
                0x2000008c        0x4 R:\Temp\ccmYPC50.ltrans1.ltrans.o
                0x2000008c                SystemCoreClock
 .data.uxCriticalNesting
                0x20000090        0x4 R:\Temp\ccmYPC50.ltrans2.ltrans.o
 .data.cmds     0x20000094       0x60 R:\Temp\ccmYPC50.ltrans5.ltrans.o
 .data.doNetworkResult
                0x200000f4        0x4 R:\Temp\ccmYPC50.ltrans5.ltrans.o
 .data._impure_ptr
                0x200000f8        0x4 c:/gnu_tools_arm_embedded/6_2017_q2_update/bin/../lib/gcc/arm-none-eabi/6.3.1/../../../../arm-none-eabi/lib/thumb/v7e-m/fpv4-sp/hard\libg_nano.a(lib_a-impure.o)
                0x200000f8                _impure_ptr
 .data.impure_data
                0x200000fc       0x60 c:/gnu_tools_arm_embedded/6_2017_q2_update/bin/../lib/gcc/arm-none-eabi/6.3.1/../../../../arm-none-eabi/lib/thumb/v7e-m/fpv4-sp/hard\libg_nano.a(lib_a-impure.o)
 *(.data_end .data_end.*)
                0x2000015c                . = ALIGN (0x4)
                0x2000015c                _edata = .
                0x2000015c                __data_end__ = .

.jcr            0x2000015c        0x0 load address 0x080040f0
 .jcr           0x2000015c        0x0 c:/gnu_tools_arm_embedded/6_2017_q2_update/bin/../lib/gcc/arm-none-eabi/6.3.1/thumb/v7e-m/fpv4-sp/hard/crtbegin.o

.igot.plt       0x2000015c        0x0 load address 0x080040f0
 .igot.plt      0x2000015c        0x0 c:/gnu_tools_arm_embedded/6_2017_q2_update/bin/../lib/gcc/arm-none-eabi/6.3.1/thumb/v7e-m/fpv4-sp/hard/crtbegin.o

.bss            0x2000015c     0x2354 load address 0x080040f0
                0x2000015c                . = ALIGN (0x4)
                0x2000015c                __bss_start__ = .
                0x2000015c                _sbss = .
 *(.bss_begin .bss_begin.*)
 *(.bss .bss.*)
 .bss           0x2000015c       0x1c c:/gnu_tools_arm_embedded/6_2017_q2_update/bin/../lib/gcc/arm-none-eabi/6.3.1/thumb/v7e-m/fpv4-sp/hard/crtbegin.o
 .bss.NetworkStack
                0x20000178     0x1000 R:\Temp\ccmYPC50.ltrans0.ltrans.o
 .bss.NetworkTaskBuffer
                0x20001178       0x58 R:\Temp\ccmYPC50.ltrans0.ltrans.o
 .bss.TestStack
                0x200011d0      0x320 R:\Temp\ccmYPC50.ltrans0.ltrans.o
 .bss.TestTaskBuffer
                0x200014f0       0x58 R:\Temp\ccmYPC50.ltrans0.ltrans.o
 .bss.UartHandle.lto_priv.102
                0x20001548       0x40 R:\Temp\ccmYPC50.ltrans1.ltrans.o
                0x20001548                UartHandle.lto_priv.102
 .bss.cur.lto_priv.96
                0x20001588        0x4 R:\Temp\ccmYPC50.ltrans1.ltrans.o
                0x20001588                cur.lto_priv.96
 .bss.pxCurrentTCB
                0x2000158c        0x4 R:\Temp\ccmYPC50.ltrans1.ltrans.o
                0x2000158c                pxCurrentTCB
 .bss.pxDelayedTaskList.lto_priv.86
                0x20001590        0x4 R:\Temp\ccmYPC50.ltrans1.ltrans.o
                0x20001590                pxDelayedTaskList.lto_priv.86
 .bss.pxOverflowDelayedTaskList.lto_priv.88
                0x20001594        0x4 R:\Temp\ccmYPC50.ltrans1.ltrans.o
                0x20001594                pxOverflowDelayedTaskList.lto_priv.88
 .bss.pxReadyTasksLists.lto_priv.75
                0x20001598       0x64 R:\Temp\ccmYPC50.ltrans1.ltrans.o
                0x20001598                pxReadyTasksLists.lto_priv.75
 .bss.rxtxXferCount.lto_priv.98
                0x200015fc        0x2 R:\Temp\ccmYPC50.ltrans1.ltrans.o
                0x200015fc                rxtxXferCount.lto_priv.98
 *fill*         0x200015fe        0x2 
 .bss.uwTick    0x20001600        0x4 R:\Temp\ccmYPC50.ltrans1.ltrans.o
                0x20001600                uwTick
 .bss.uxCurrentNumberOfTasks.lto_priv.78
                0x20001604        0x4 R:\Temp\ccmYPC50.ltrans1.ltrans.o
                0x20001604                uxCurrentNumberOfTasks.lto_priv.78
 .bss.uxSchedulerSuspended.lto_priv.74
                0x20001608        0x4 R:\Temp\ccmYPC50.ltrans1.ltrans.o
                0x20001608                uxSchedulerSuspended.lto_priv.74
 .bss.uxTaskNumber
                0x2000160c        0x4 R:\Temp\ccmYPC50.ltrans1.ltrans.o
 .bss.uxTopReadyPriority.lto_priv.76
                0x20001610        0x4 R:\Temp\ccmYPC50.ltrans1.ltrans.o
                0x20001610                uxTopReadyPriority.lto_priv.76
 .bss.xDelayedTaskList1
                0x20001614       0x14 R:\Temp\ccmYPC50.ltrans1.ltrans.o
 .bss.xDelayedTaskList2
                0x20001628       0x14 R:\Temp\ccmYPC50.ltrans1.ltrans.o
 .bss.xNumOfOverflows.lto_priv.89
                0x2000163c        0x4 R:\Temp\ccmYPC50.ltrans1.ltrans.o
                0x2000163c                xNumOfOverflows.lto_priv.89
 .bss.xPendingReadyList.lto_priv.90
                0x20001640       0x14 R:\Temp\ccmYPC50.ltrans1.ltrans.o
                0x20001640                xPendingReadyList.lto_priv.90
 .bss.xSchedulerRunning.lto_priv.73
                0x20001654        0x4 R:\Temp\ccmYPC50.ltrans1.ltrans.o
                0x20001654                xSchedulerRunning.lto_priv.73
 .bss.xSuspendedTaskList.lto_priv.77
                0x20001658       0x14 R:\Temp\ccmYPC50.ltrans1.ltrans.o
                0x20001658                xSuspendedTaskList.lto_priv.77
 .bss.xTickCount.lto_priv.81
                0x2000166c        0x4 R:\Temp\ccmYPC50.ltrans1.ltrans.o
                0x2000166c                xTickCount.lto_priv.81
 .bss.xYieldPending.lto_priv.91
                0x20001670        0x4 R:\Temp\ccmYPC50.ltrans1.ltrans.o
                0x20001670                xYieldPending.lto_priv.91
 .bss.pxCurrentTimerList.lto_priv.85
                0x20001674        0x4 R:\Temp\ccmYPC50.ltrans2.ltrans.o
                0x20001674                pxCurrentTimerList.lto_priv.85
 .bss.pxOverflowTimerList.lto_priv.84
                0x20001678        0x4 R:\Temp\ccmYPC50.ltrans2.ltrans.o
                0x20001678                pxOverflowTimerList.lto_priv.84
 .bss.ucStaticTimerQueueStorage.6616
                0x2000167c       0x50 R:\Temp\ccmYPC50.ltrans2.ltrans.o
 .bss.uxIdleTaskStack.5423
                0x200016cc      0x208 R:\Temp\ccmYPC50.ltrans2.ltrans.o
 .bss.uxTimerTaskStack.5416
                0x200018d4      0x410 R:\Temp\ccmYPC50.ltrans2.ltrans.o
 .bss.xActiveTimerList1
                0x20001ce4       0x14 R:\Temp\ccmYPC50.ltrans2.ltrans.o
 .bss.xActiveTimerList2
                0x20001cf8       0x14 R:\Temp\ccmYPC50.ltrans2.ltrans.o
 .bss.xIdleTaskTCB.5422
                0x20001d0c       0x58 R:\Temp\ccmYPC50.ltrans2.ltrans.o
 .bss.xNextTaskUnblockTime.lto_priv.87
                0x20001d64        0x4 R:\Temp\ccmYPC50.ltrans2.ltrans.o
                0x20001d64                xNextTaskUnblockTime.lto_priv.87
 .bss.xQueueRegistry
                0x20001d68       0x40 R:\Temp\ccmYPC50.ltrans2.ltrans.o
 .bss.xStaticTimerQueue.6615
                0x20001da8       0x54 R:\Temp\ccmYPC50.ltrans2.ltrans.o
 .bss.xTimerTaskTCB.5415
                0x20001dfc       0x58 R:\Temp\ccmYPC50.ltrans2.ltrans.o
 .bss.SRAMHandle
                0x20001e54       0x50 R:\Temp\ccmYPC50.ltrans3.ltrans.o
 .bss.cur.lto_priv.97
                0x20001ea4        0x4 R:\Temp\ccmYPC50.ltrans3.ltrans.o
 .bss.hdma_rx.lto_priv.109
                0x20001ea8       0x60 R:\Temp\ccmYPC50.ltrans3.ltrans.o
                0x20001ea8                hdma_rx.lto_priv.109
 .bss.hdma_tx.lto_priv.100
                0x20001f08       0x60 R:\Temp\ccmYPC50.ltrans3.ltrans.o